Archive member included to satisfy reference by file (symbol)

e:/gcc-arm-none-eabi-10.3-2021.10-win32/gcc-arm-none-eabi-10.3-2021.10/bin/../lib/gcc/arm-none-eabi/10.3.1/thumb/v7e-m/nofp\libgcc.a(_arm_mulsf3.o)
                              CMakeFiles/Demo.elf.dir/Core/Src/main.c.obj (__aeabi_fmul)
e:/gcc-arm-none-eabi-10.3-2021.10-win32/gcc-arm-none-eabi-10.3-2021.10/bin/../lib/gcc/arm-none-eabi/10.3.1/thumb/v7e-m/nofp\libgcc.a(_arm_addsubsf3.o)
                              CMakeFiles/Demo.elf.dir/Core/Src/main.c.obj (__aeabi_fsub)
e:/gcc-arm-none-eabi-10.3-2021.10-win32/gcc-arm-none-eabi-10.3-2021.10/bin/../lib/gcc/arm-none-eabi/10.3.1/thumb/v7e-m/nofp\libgcc.a(_arm_muldivsf3.o)
                              CMakeFiles/Demo.elf.dir/Core/Src/main.c.obj (__aeabi_fdiv)
e:/gcc-arm-none-eabi-10.3-2021.10-win32/gcc-arm-none-eabi-10.3-2021.10/bin/../lib/gcc/arm-none-eabi/10.3.1/thumb/v7e-m/nofp\libgcc.a(_arm_cmpsf2.o)
                              CMakeFiles/Demo.elf.dir/Core/Src/main.c.obj (__aeabi_fcmplt)
e:/gcc-arm-none-eabi-10.3-2021.10-win32/gcc-arm-none-eabi-10.3-2021.10/bin/../lib/gcc/arm-none-eabi/10.3.1/thumb/v7e-m/nofp\libgcc.a(_arm_fixsfsi.o)
                              CMakeFiles/Demo.elf.dir/Core/Src/main.c.obj (__aeabi_f2iz)
e:/gcc-arm-none-eabi-10.3-2021.10-win32/gcc-arm-none-eabi-10.3-2021.10/bin/../lib/gcc/arm-none-eabi/10.3.1/thumb/v7e-m/nofp\libgcc.a(_arm_fixunssfsi.o)
                              CMakeFiles/Demo.elf.dir/Core/Src/main.c.obj (__aeabi_f2uiz)
e:/gcc-arm-none-eabi-10.3-2021.10-win32/gcc-arm-none-eabi-10.3-2021.10/bin/../lib/gcc/arm-none-eabi/10.3.1/thumb/v7e-m/nofp\libgcc.a(_aeabi_uldivmod.o)
                              CMakeFiles/Demo.elf.dir/Drivers/STM32F4xx_HAL_Driver/Src/stm32f4xx_hal_rcc.c.obj (__aeabi_uldivmod)
e:/gcc-arm-none-eabi-10.3-2021.10-win32/gcc-arm-none-eabi-10.3-2021.10/bin/../lib/gcc/arm-none-eabi/10.3.1/thumb/v7e-m/nofp\libgcc.a(_udivmoddi4.o)
                              e:/gcc-arm-none-eabi-10.3-2021.10-win32/gcc-arm-none-eabi-10.3-2021.10/bin/../lib/gcc/arm-none-eabi/10.3.1/thumb/v7e-m/nofp\libgcc.a(_aeabi_uldivmod.o) (__udivmoddi4)
e:/gcc-arm-none-eabi-10.3-2021.10-win32/gcc-arm-none-eabi-10.3-2021.10/bin/../lib/gcc/arm-none-eabi/10.3.1/thumb/v7e-m/nofp\libgcc.a(_dvmd_tls.o)
                              e:/gcc-arm-none-eabi-10.3-2021.10-win32/gcc-arm-none-eabi-10.3-2021.10/bin/../lib/gcc/arm-none-eabi/10.3.1/thumb/v7e-m/nofp\libgcc.a(_aeabi_uldivmod.o) (__aeabi_ldiv0)
e:/gcc-arm-none-eabi-10.3-2021.10-win32/gcc-arm-none-eabi-10.3-2021.10/bin/../lib/gcc/arm-none-eabi/10.3.1/../../../../arm-none-eabi/lib/thumb/v7e-m/nofp\libg.a(lib_a-errno.o)
                              CMakeFiles/Demo.elf.dir/Core/Src/syscalls.c.obj (__errno)
e:/gcc-arm-none-eabi-10.3-2021.10-win32/gcc-arm-none-eabi-10.3-2021.10/bin/../lib/gcc/arm-none-eabi/10.3.1/../../../../arm-none-eabi/lib/thumb/v7e-m/nofp\libg.a(lib_a-exit.o)
                              e:/gcc-arm-none-eabi-10.3-2021.10-win32/gcc-arm-none-eabi-10.3-2021.10/bin/../lib/gcc/arm-none-eabi/10.3.1/../../../../arm-none-eabi/lib/thumb/v7e-m/nofp/crt0.o (exit)
e:/gcc-arm-none-eabi-10.3-2021.10-win32/gcc-arm-none-eabi-10.3-2021.10/bin/../lib/gcc/arm-none-eabi/10.3.1/../../../../arm-none-eabi/lib/thumb/v7e-m/nofp\libg.a(lib_a-impure.o)
                              e:/gcc-arm-none-eabi-10.3-2021.10-win32/gcc-arm-none-eabi-10.3-2021.10/bin/../lib/gcc/arm-none-eabi/10.3.1/../../../../arm-none-eabi/lib/thumb/v7e-m/nofp\libg.a(lib_a-exit.o) (_global_impure_ptr)
e:/gcc-arm-none-eabi-10.3-2021.10-win32/gcc-arm-none-eabi-10.3-2021.10/bin/../lib/gcc/arm-none-eabi/10.3.1/../../../../arm-none-eabi/lib/thumb/v7e-m/nofp\libg.a(lib_a-init.o)
                              e:/gcc-arm-none-eabi-10.3-2021.10-win32/gcc-arm-none-eabi-10.3-2021.10/bin/../lib/gcc/arm-none-eabi/10.3.1/../../../../arm-none-eabi/lib/thumb/v7e-m/nofp/crt0.o (__libc_init_array)
e:/gcc-arm-none-eabi-10.3-2021.10-win32/gcc-arm-none-eabi-10.3-2021.10/bin/../lib/gcc/arm-none-eabi/10.3.1/../../../../arm-none-eabi/lib/thumb/v7e-m/nofp\libg.a(lib_a-memset.o)
                              e:/gcc-arm-none-eabi-10.3-2021.10-win32/gcc-arm-none-eabi-10.3-2021.10/bin/../lib/gcc/arm-none-eabi/10.3.1/../../../../arm-none-eabi/lib/thumb/v7e-m/nofp/crt0.o (memset)
e:/gcc-arm-none-eabi-10.3-2021.10-win32/gcc-arm-none-eabi-10.3-2021.10/bin/../lib/gcc/arm-none-eabi/10.3.1/../../../../arm-none-eabi/lib/thumb/v7e-m/nofp\libg.a(lib_a-__call_atexit.o)
                              e:/gcc-arm-none-eabi-10.3-2021.10-win32/gcc-arm-none-eabi-10.3-2021.10/bin/../lib/gcc/arm-none-eabi/10.3.1/../../../../arm-none-eabi/lib/thumb/v7e-m/nofp\libg.a(lib_a-exit.o) (__call_exitprocs)
e:/gcc-arm-none-eabi-10.3-2021.10-win32/gcc-arm-none-eabi-10.3-2021.10/bin/../lib/gcc/arm-none-eabi/10.3.1/../../../../arm-none-eabi/lib/thumb/v7e-m/nofp\libg.a(lib_a-atexit.o)
[...]
Memory Configuration

Name             Origin             Length             Attributes
CCMRAM           0x10000000         0x00010000         xrw
RAM              0x20000000         0x00020000         xrw
FLASH            0x08000000         0x00080000         xr
*default*        0x00000000         0xffffffff

Linker script and memory map

LOAD e:/gcc-arm-none-eabi-10.3-2021.10-win32/gcc-arm-none-eabi-10.3-2021.10/bin/../lib/gcc/arm-none-eabi/10.3.1/thumb/v7e-m/nofp/crti.o
LOAD e:/gcc-arm-none-eabi-10.3-2021.10-win32/gcc-arm-none-eabi-10.3-2021.10/bin/../lib/gcc/arm-none-eabi/10.3.1/thumb/v7e-m/nofp/crtbegin.o
LOAD e:/gcc-arm-none-eabi-10.3-2021.10-win32/gcc-arm-none-eabi-10.3-2021.10/bin/../lib/gcc/arm-none-eabi/10.3.1/../../../../arm-none-eabi/lib/thumb/v7e-m/nofp/crt0.o
LOAD CMakeFiles/Demo.elf.dir/Core/Src/can.c.obj
LOAD CMakeFiles/Demo.elf.dir/Core/Src/gpio.c.obj
LOAD CMakeFiles/Demo.elf.dir/Core/Src/main.c.obj
LOAD CMakeFiles/Demo.elf.dir/Core/Src/stm32f4xx_hal_msp.c.obj
LOAD CMakeFiles/Demo.elf.dir/Core/Src/stm32f4xx_it.c.obj
LOAD CMakeFiles/Demo.elf.dir/Core/Src/syscalls.c.obj
LOAD CMakeFiles/Demo.elf.dir/Core/Src/sysmem.c.obj
LOAD CMakeFiles/Demo.elf.dir/Core/Src/system_stm32f4xx.c.obj
LOAD CMakeFiles/Demo.elf.dir/Core/Startup/startup_stm32f407vetx.s.obj
LOAD CMakeFiles/Demo.elf.dir/Drivers/STM32F4xx_HAL_Driver/Src/stm32f4xx_hal.c.obj
LOAD CMakeFiles/Demo.elf.dir/Drivers/STM32F4xx_HAL_Driver/Src/stm32f4xx_hal_can.c.obj
LOAD CMakeFiles/Demo.elf.dir/Drivers/STM32F4xx_HAL_Driver/Src/stm32f4xx_hal_cortex.c.obj
LOAD CMakeFiles/Demo.elf.dir/Drivers/STM32F4xx_HAL_Driver/Src/stm32f4xx_hal_dma.c.obj
LOAD CMakeFiles/Demo.elf.dir/Drivers/STM32F4xx_HAL_Driver/Src/stm32f4xx_hal_dma_ex.c.obj
LOAD CMakeFiles/Demo.elf.dir/Drivers/STM32F4xx_HAL_Driver/Src/stm32f4xx_hal_exti.c.obj
LOAD CMakeFiles/Demo.elf.dir/Drivers/STM32F4xx_HAL_Driver/Src/stm32f4xx_hal_flash.c.obj
LOAD CMakeFiles/Demo.elf.dir/Drivers/STM32F4xx_HAL_Driver/Src/stm32f4xx_hal_flash_ex.c.obj
LOAD CMakeFiles/Demo.elf.dir/Drivers/STM32F4xx_HAL_Driver/Src/stm32f4xx_hal_flash_ramfunc.c.obj
LOAD CMakeFiles/Demo.elf.dir/Drivers/STM32F4xx_HAL_Driver/Src/stm32f4xx_hal_gpio.c.obj
LOAD CMakeFiles/Demo.elf.dir/Drivers/STM32F4xx_HAL_Driver/Src/stm32f4xx_hal_pcd.c.obj
LOAD CMakeFiles/Demo.elf.dir/Drivers/STM32F4xx_HAL_Driver/Src/stm32f4xx_hal_pcd_ex.c.obj
LOAD CMakeFiles/Demo.elf.dir/Drivers/STM32F4xx_HAL_Driver/Src/stm32f4xx_hal_pwr.c.obj
LOAD CMakeFiles/Demo.elf.dir/Drivers/STM32F4xx_HAL_Driver/Src/stm32f4xx_hal_pwr_ex.c.obj
LOAD CMakeFiles/Demo.elf.dir/Drivers/STM32F4xx_HAL_Driver/Src/stm32f4xx_hal_rcc.c.obj
LOAD CMakeFiles/Demo.elf.dir/Drivers/STM32F4xx_HAL_Driver/Src/stm32f4xx_hal_rcc_ex.c.obj
LOAD CMakeFiles/Demo.elf.dir/Drivers/STM32F4xx_HAL_Driver/Src/stm32f4xx_hal_tim.c.obj
LOAD CMakeFiles/Demo.elf.dir/Drivers/STM32F4xx_HAL_Driver/Src/stm32f4xx_hal_tim_ex.c.obj
LOAD CMakeFiles/Demo.elf.dir/Drivers/STM32F4xx_HAL_Driver/Src/stm32f4xx_ll_usb.c.obj
LOAD CMakeFiles/Demo.elf.dir/Middlewares/ST/STM32_USB_Device_Library/Class/CDC/Src/usbd_cdc.c.obj
LOAD CMakeFiles/Demo.elf.dir/Middlewares/ST/STM32_USB_Device_Library/Core/Src/usbd_core.c.obj
LOAD CMakeFiles/Demo.elf.dir/Middlewares/ST/STM32_USB_Device_Library/Core/Src/usbd_ctlreq.c.obj
LOAD CMakeFiles/Demo.elf.dir/Middlewares/ST/STM32_USB_Device_Library/Core/Src/usbd_ioreq.c.obj
LOAD CMakeFiles/Demo.elf.dir/USB_DEVICE/App/usb_device.c.obj
LOAD CMakeFiles/Demo.elf.dir/USB_DEVICE/App/usbd_cdc_if.c.obj
LOAD CMakeFiles/Demo.elf.dir/USB_DEVICE/App/usbd_desc.c.obj
LOAD CMakeFiles/Demo.elf.dir/USB_DEVICE/Target/usbd_conf.c.obj
START GROUP
LOAD e:/gcc-arm-none-eabi-10.3-2021.10-win32/gcc-arm-none-eabi-10.3-2021.10/bin/../lib/gcc/arm-none-eabi/10.3.1/thumb/v7e-m/nofp\libgcc.a
LOAD e:/gcc-arm-none-eabi-10.3-2021.10-win32/gcc-arm-none-eabi-10.3-2021.10/bin/../lib/gcc/arm-none-eabi/10.3.1/../../../../arm-none-eabi/lib/thumb/v7e-m/nofp\libg.a
LOAD e:/gcc-arm-none-eabi-10.3-2021.10-win32/gcc-arm-none-eabi-10.3-2021.10/bin/../lib/gcc/arm-none-eabi/10.3.1/../../../../arm-none-eabi/lib/thumb/v7e-m/nofp\libc.a
END GROUP
LOAD e:/gcc-arm-none-eabi-10.3-2021.10-win32/gcc-arm-none-eabi-10.3-2021.10/bin/../lib/gcc/arm-none-eabi/10.3.1/thumb/v7e-m/nofp/crtend.o
LOAD e:/gcc-arm-none-eabi-10.3-2021.10-win32/gcc-arm-none-eabi-10.3-2021.10/bin/../lib/gcc/arm-none-eabi/10.3.1/thumb/v7e-m/nofp/crtn.o
                0x20020000                _estack = (ORIGIN (RAM) + LENGTH (RAM))
                0x00000200                _Min_Heap_Size = 0x200
                0x00000400                _Min_Stack_Size = 0x400

.isr_vector     0x08000000      0x188
                0x08000000                . = ALIGN (0x4)
 *(.isr_vector)
 .isr_vector    0x08000000      0x188 CMakeFiles/Demo.elf.dir/Core/Startup/startup_stm32f407vetx.s.obj
                0x08000000                g_pfnVectors
                0x08000188                . = ALIGN (0x4)

.text           0x08000188     0x513c
                0x08000188                . = ALIGN (0x4)
 *(.text)
 .text          0x08000188       0x40 e:/gcc-arm-none-eabi-10.3-2021.10-win32/gcc-arm-none-eabi-10.3-2021.10/bin/../lib/gcc/arm-none-eabi/10.3.1/thumb/v7e-m/nofp/crtbegin.o
 .text          0x080001c8      0x21c e:/gcc-arm-none-eabi-10.3-2021.10-win32/gcc-arm-none-eabi-10.3-2021.10/bin/../lib/gcc/arm-none-eabi/10.3.1/thumb/v7e-m/nofp\libgcc.a(_arm_addsubsf3.o)
                0x080001c8                __aeabi_frsub
                0x080001d0                __subsf3
                0x080001d0                __aeabi_fsub
                0x080001d4                __aeabi_fadd
                0x080001d4                __addsf3
                0x08000334                __aeabi_ui2f
                0x08000334                __floatunsisf
                0x0800033c                __aeabi_i2f
                0x0800033c                __floatsisf
                0x08000358                __aeabi_ul2f
                0x08000358                __floatundisf
                0x08000368                __aeabi_l2f
                0x08000368                __floatdisf
 .text          0x080003e4      0x2a0 e:/gcc-arm-none-eabi-10.3-2021.10-win32/gcc-arm-none-eabi-10.3-2021.10/bin/../lib/gcc/arm-none-eabi/10.3.1/thumb/v7e-m/nofp\libgcc.a(_arm_muldivsf3.o)
                0x080003e4                __mulsf3
                0x080003e4                __aeabi_fmul
                0x0800054c                __aeabi_fdiv
                0x0800054c                __divsf3
 .text          0x08000684       0xec e:/gcc-arm-none-eabi-10.3-2021.10-win32/gcc-arm-none-eabi-10.3-2021.10/bin/../lib/gcc/arm-none-eabi/10.3.1/thumb/v7e-m/nofp\libgcc.a(_arm_cmpsf2.o)
                0x08000684                __gesf2
                0x08000684                __gtsf2
                0x0800068c                __lesf2
                0x0800068c                __ltsf2
                0x08000694                __nesf2
                0x08000694                __eqsf2
                0x08000694                __cmpsf2
                0x080006f4                __aeabi_cfrcmple
                0x080006fc                __aeabi_cfcmpeq
                0x080006fc                __aeabi_cfcmple
                0x0800070c                __aeabi_fcmpeq
                0x08000720                __aeabi_fcmplt
                0x08000734                __aeabi_fcmple
                0x08000748                __aeabi_fcmpge
                0x0800075c                __aeabi_fcmpgt
 .text          0x08000770       0x4c e:/gcc-arm-none-eabi-10.3-2021.10-win32/gcc-arm-none-eabi-10.3-2021.10/bin/../lib/gcc/arm-none-eabi/10.3.1/thumb/v7e-m/nofp\libgcc.a(_arm_fixsfsi.o)
                0x08000770                __aeabi_f2iz
                0x08000770                __fixsfsi
 .text          0x080007bc       0x40 e:/gcc-arm-none-eabi-10.3-2021.10-win32/gcc-arm-none-eabi-10.3-2021.10/bin/../lib/gcc/arm-none-eabi/10.3.1/thumb/v7e-m/nofp\libgcc.a(_arm_fixunssfsi.o)
                0x080007bc                __fixunssfsi
                0x080007bc                __aeabi_f2uiz
 .text          0x080007fc       0x30 e:/gcc-arm-none-eabi-10.3-2021.10-win32/gcc-arm-none-eabi-10.3-2021.10/bin/../lib/gcc/arm-none-eabi/10.3.1/thumb/v7e-m/nofp\libgcc.a(_aeabi_uldivmod.o)
                0x080007fc                __aeabi_uldivmod
 .text          0x0800082c      0x2d0 e:/gcc-arm-none-eabi-10.3-2021.10-win32/gcc-arm-none-eabi-10.3-2021.10/bin/../lib/gcc/arm-none-eabi/10.3.1/thumb/v7e-m/nofp\libgcc.a(_udivmoddi4.o)
                0x0800082c                __udivmoddi4
 .text          0x08000afc        0x4 e:/gcc-arm-none-eabi-10.3-2021.10-win32/gcc-arm-none-eabi-10.3-2021.10/bin/../lib/gcc/arm-none-eabi/10.3.1/thumb/v7e-m/nofp\libgcc.a(_dvmd_tls.o)
                0x08000afc                __aeabi_idiv0
                0x08000afc                __aeabi_ldiv0
 *(.text*)
 .text.CAN1_Filter_Config
                0x08000b00       0x38 CMakeFiles/Demo.elf.dir/Core/Src/can.c.obj
                0x08000b00                CAN1_Filter_Config
 .text.MX_CAN1_Init
                0x08000b38       0x54 CMakeFiles/Demo.elf.dir/Core/Src/can.c.obj
                0x08000b38                MX_CAN1_Init
 .text.HAL_CAN_MspInit
                0x08000b8c       0x80 CMakeFiles/Demo.elf.dir/Core/Src/can.c.obj
                0x08000b8c                HAL_CAN_MspInit
 .text.CAN_Send_Msg
                0x08000c0c       0x28 CMakeFiles/Demo.elf.dir/Core/Src/can.c.obj
                0x08000c0c                CAN_Send_Msg
 .text.MX_GPIO_Init
                0x08000c34       0x4c CMakeFiles/Demo.elf.dir/Core/Src/gpio.c.obj
                0x08000c34                MX_GPIO_Init
 .text.MITSend  0x08000c80      0x1a0 CMakeFiles/Demo.elf.dir/Core/Src/main.c.obj
                0x08000c80                MITSend
 .text.HAL_CAN_RxFifo0MsgPendingCallback
                0x08000e20       0xd4 CMakeFiles/Demo.elf.dir/Core/Src/main.c.obj
                0x08000e20                HAL_CAN_RxFifo0MsgPendingCallback
 .text.Error_Handler
                0x08000ef4        0x4 CMakeFiles/Demo.elf.dir/Core/Src/main.c.obj
                0x08000ef4                Error_Handler
 .text.SystemClock_Config
                0x08000ef8       0xa8 CMakeFiles/Demo.elf.dir/Core/Src/main.c.obj
                0x08000ef8                SystemClock_Config
 .text.main     0x08000fa0      0x180 CMakeFiles/Demo.elf.dir/Core/Src/main.c.obj
                0x08000fa0                main
 .text.HAL_MspInit
                0x08001120       0x38 CMakeFiles/Demo.elf.dir/Core/Src/stm32f4xx_hal_msp.c.obj
                0x08001120                HAL_MspInit
 .text.NMI_Handler
                0x08001158        0x2 CMakeFiles/Demo.elf.dir/Core/Src/stm32f4xx_it.c.obj
                0x08001158                NMI_Handler
 .text.HardFault_Handler
                0x0800115a        0x2 CMakeFiles/Demo.elf.dir/Core/Src/stm32f4xx_it.c.obj
                0x0800115a                HardFault_Handler
 .text.MemManage_Handler
                0x0800115c        0x2 CMakeFiles/Demo.elf.dir/Core/Src/stm32f4xx_it.c.obj
                0x0800115c                MemManage_Handler
 .text.BusFault_Handler
                0x0800115e        0x2 CMakeFiles/Demo.elf.dir/Core/Src/stm32f4xx_it.c.obj
                0x0800115e                BusFault_Handler
 .text.UsageFault_Handler
                0x08001160        0x2 CMakeFiles/Demo.elf.dir/Core/Src/stm32f4xx_it.c.obj
                0x08001160                UsageFault_Handler
 .text.SVC_Handler
                0x08001162        0x2 CMakeFiles/Demo.elf.dir/Core/Src/stm32f4xx_it.c.obj
                0x08001162                SVC_Handler
 .text.DebugMon_Handler
                0x08001164        0x2 CMakeFiles/Demo.elf.dir/Core/Src/stm32f4xx_it.c.obj
                0x08001164                DebugMon_Handler
 .text.PendSV_Handler
                0x08001166        0x2 CMakeFiles/Demo.elf.dir/Core/Src/stm32f4xx_it.c.obj
                0x08001166                PendSV_Handler
 .text.SysTick_Handler
                0x08001168        0x8 CMakeFiles/Demo.elf.dir/Core/Src/stm32f4xx_it.c.obj
                0x08001168                SysTick_Handler
 .text.CAN1_RX0_IRQHandler
                0x08001170       0x10 CMakeFiles/Demo.elf.dir/Core/Src/stm32f4xx_it.c.obj
                0x08001170                CAN1_RX0_IRQHandler
 .text.OTG_FS_IRQHandler
                0x08001180       0x10 CMakeFiles/Demo.elf.dir/Core/Src/stm32f4xx_it.c.obj
                0x08001180                OTG_FS_IRQHandler
 .text.SystemInit
                0x08001190        0x2 CMakeFiles/Demo.elf.dir/Core/Src/system_stm32f4xx.c.obj
                0x08001190                SystemInit
 *fill*         0x08001192        0x2 
 .text.Reset_Handler
                0x08001194       0x50 CMakeFiles/Demo.elf.dir/Core/Startup/startup_stm32f407vetx.s.obj
                0x08001194                Reset_Handler
 .text.Default_Handler
                0x080011e4        0x2 CMakeFiles/Demo.elf.dir/Core/Startup/startup_stm32f407vetx.s.obj
                0x080011e4                RTC_Alarm_IRQHandler
                0x080011e4                HASH_RNG_IRQHandler
                0x080011e4                EXTI2_IRQHandler
                0x080011e4                TIM8_CC_IRQHandler
                0x080011e4                TIM1_CC_IRQHandler
                0x080011e4                DMA2_Stream5_IRQHandler
                0x080011e4                DMA1_Stream5_IRQHandler
                0x080011e4                PVD_IRQHandler
                0x080011e4                SDIO_IRQHandler
                0x080011e4                TAMP_STAMP_IRQHandler
                0x080011e4                CAN2_RX1_IRQHandler
                0x080011e4                EXTI3_IRQHandler
                0x080011e4                TIM8_TRG_COM_TIM14_IRQHandler
                0x080011e4                TIM1_UP_TIM10_IRQHandler
                0x080011e4                TIM8_UP_TIM13_IRQHandler
                0x080011e4                I2C3_ER_IRQHandler
                0x080011e4                EXTI0_IRQHandler
                0x080011e4                I2C2_EV_IRQHandler
                0x080011e4                DMA1_Stream2_IRQHandler
                0x080011e4                FPU_IRQHandler
                0x080011e4                OTG_HS_WKUP_IRQHandler
                0x080011e4                CAN2_SCE_IRQHandler
                0x080011e4                DMA2_Stream2_IRQHandler
                0x080011e4                SPI1_IRQHandler
                0x080011e4                TIM6_DAC_IRQHandler
                0x080011e4                TIM1_BRK_TIM9_IRQHandler
                0x080011e4                DCMI_IRQHandler
                0x080011e4                CAN2_RX0_IRQHandler
                0x080011e4                DMA2_Stream3_IRQHandler
                0x080011e4                USART6_IRQHandler
                0x080011e4                USART3_IRQHandler
                0x080011e4                CAN1_RX1_IRQHandler
                0x080011e4                UART5_IRQHandler
                0x080011e4                DMA2_Stream0_IRQHandler
                0x080011e4                TIM4_IRQHandler
                0x080011e4                I2C1_EV_IRQHandler
                0x080011e4                DMA1_Stream6_IRQHandler
                0x080011e4                DMA1_Stream1_IRQHandler
                0x080011e4                UART4_IRQHandler
                0x080011e4                TIM3_IRQHandler
                0x080011e4                RCC_IRQHandler
                0x080011e4                TIM8_BRK_TIM12_IRQHandler
                0x080011e4                Default_Handler
                0x080011e4                EXTI15_10_IRQHandler
                0x080011e4                ADC_IRQHandler
                0x080011e4                DMA1_Stream7_IRQHandler
                0x080011e4                TIM7_IRQHandler
                0x080011e4                CAN2_TX_IRQHandler
                0x080011e4                TIM5_IRQHandler
                0x080011e4                DMA2_Stream7_IRQHandler
                0x080011e4                I2C3_EV_IRQHandler
                0x080011e4                EXTI9_5_IRQHandler
                0x080011e4                RTC_WKUP_IRQHandler
                0x080011e4                ETH_WKUP_IRQHandler
                0x080011e4                SPI2_IRQHandler
                0x080011e4                OTG_HS_EP1_IN_IRQHandler
                0x080011e4                DMA1_Stream0_IRQHandler
                0x080011e4                CAN1_TX_IRQHandler
                0x080011e4                EXTI4_IRQHandler
                0x080011e4                FSMC_IRQHandler
                0x080011e4                ETH_IRQHandler
                0x080011e4                OTG_HS_EP1_OUT_IRQHandler
                0x080011e4                WWDG_IRQHandler
                0x080011e4                TIM2_IRQHandler
                0x080011e4                OTG_FS_WKUP_IRQHandler
                0x080011e4                TIM1_TRG_COM_TIM11_IRQHandler
                0x080011e4                OTG_HS_IRQHandler
                0x080011e4                EXTI1_IRQHandler
                0x080011e4                USART2_IRQHandler
                0x080011e4                I2C2_ER_IRQHandler
                0x080011e4                DMA2_Stream1_IRQHandler
                0x080011e4                CAN1_SCE_IRQHandler
                0x080011e4                FLASH_IRQHandler
                0x080011e4                DMA2_Stream4_IRQHandler
                0x080011e4                USART1_IRQHandler
                0x080011e4                SPI3_IRQHandler
                0x080011e4                DMA1_Stream4_IRQHandler
                0x080011e4                I2C1_ER_IRQHandler
                0x080011e4                DMA2_Stream6_IRQHandler
                0x080011e4                DMA1_Stream3_IRQHandler
 *fill*         0x080011e6        0x2 
 .text.HAL_InitTick
                0x080011e8       0x4c CMakeFiles/Demo.elf.dir/Drivers/STM32F4xx_HAL_Driver/Src/stm32f4xx_hal.c.obj
                0x080011e8                HAL_InitTick
 .text.HAL_Init
                0x08001234       0x34 CMakeFiles/Demo.elf.dir/Drivers/STM32F4xx_HAL_Driver/Src/stm32f4xx_hal.c.obj
                0x08001234                HAL_Init
 .text.HAL_IncTick
                0x08001268       0x18 CMakeFiles/Demo.elf.dir/Drivers/STM32F4xx_HAL_Driver/Src/stm32f4xx_hal.c.obj
                0x08001268                HAL_IncTick
 .text.HAL_GetTick
                0x08001280        0xc CMakeFiles/Demo.elf.dir/Drivers/STM32F4xx_HAL_Driver/Src/stm32f4xx_hal.c.obj
                0x08001280                HAL_GetTick
 .text.HAL_Delay
                0x0800128c       0x28 CMakeFiles/Demo.elf.dir/Drivers/STM32F4xx_HAL_Driver/Src/stm32f4xx_hal.c.obj
                0x0800128c                HAL_Delay
 .text.HAL_CAN_Init
                0x080012b4      0x14c CMakeFiles/Demo.elf.dir/Drivers/STM32F4xx_HAL_Driver/Src/stm32f4xx_hal_can.c.obj
                0x080012b4                HAL_CAN_Init
 .text.HAL_CAN_ConfigFilter
                0x08001400      0x13c CMakeFiles/Demo.elf.dir/Drivers/STM32F4xx_HAL_Driver/Src/stm32f4xx_hal_can.c.obj
                0x08001400                HAL_CAN_ConfigFilter
 .text.HAL_CAN_Start
                0x0800153c       0x5c CMakeFiles/Demo.elf.dir/Drivers/STM32F4xx_HAL_Driver/Src/stm32f4xx_hal_can.c.obj
                0x0800153c                HAL_CAN_Start
 .text.HAL_CAN_AddTxMessage
                0x08001598       0xea CMakeFiles/Demo.elf.dir/Drivers/STM32F4xx_HAL_Driver/Src/stm32f4xx_hal_can.c.obj
                0x08001598                HAL_CAN_AddTxMessage
 .text.HAL_CAN_GetRxMessage
                0x08001682      0x16a CMakeFiles/Demo.elf.dir/Drivers/STM32F4xx_HAL_Driver/Src/stm32f4xx_hal_can.c.obj
                0x08001682                HAL_CAN_GetRxMessage
 .text.HAL_CAN_ActivateNotification
                0x080017ec       0x24 CMakeFiles/Demo.elf.dir/Drivers/STM32F4xx_HAL_Driver/Src/stm32f4xx_hal_can.c.obj
                0x080017ec                HAL_CAN_ActivateNotification
 .text.HAL_CAN_TxMailbox0CompleteCallback
                0x08001810        0x2 CMakeFiles/Demo.elf.dir/Drivers/STM32F4xx_HAL_Driver/Src/stm32f4xx_hal_can.c.obj
                0x08001810                HAL_CAN_TxMailbox0CompleteCallback
 .text.HAL_CAN_TxMailbox1CompleteCallback
                0x08001812        0x2 CMakeFiles/Demo.elf.dir/Drivers/STM32F4xx_HAL_Driver/Src/stm32f4xx_hal_can.c.obj
                0x08001812                HAL_CAN_TxMailbox1CompleteCallback
 .text.HAL_CAN_TxMailbox2CompleteCallback
                0x08001814        0x2 CMakeFiles/Demo.elf.dir/Drivers/STM32F4xx_HAL_Driver/Src/stm32f4xx_hal_can.c.obj
                0x08001814                HAL_CAN_TxMailbox2CompleteCallback
 .text.HAL_CAN_TxMailbox0AbortCallback
                0x08001816        0x2 CMakeFiles/Demo.elf.dir/Drivers/STM32F4xx_HAL_Driver/Src/stm32f4xx_hal_can.c.obj
                0x08001816                HAL_CAN_TxMailbox0AbortCallback
 .text.HAL_CAN_TxMailbox1AbortCallback
                0x08001818        0x2 CMakeFiles/Demo.elf.dir/Drivers/STM32F4xx_HAL_Driver/Src/stm32f4xx_hal_can.c.obj
                0x08001818                HAL_CAN_TxMailbox1AbortCallback
 .text.HAL_CAN_TxMailbox2AbortCallback
                0x0800181a        0x2 CMakeFiles/Demo.elf.dir/Drivers/STM32F4xx_HAL_Driver/Src/stm32f4xx_hal_can.c.obj
                0x0800181a                HAL_CAN_TxMailbox2AbortCallback
 .text.HAL_CAN_RxFifo0FullCallback
                0x0800181c        0x2 CMakeFiles/Demo.elf.dir/Drivers/STM32F4xx_HAL_Driver/Src/stm32f4xx_hal_can.c.obj
                0x0800181c                HAL_CAN_RxFifo0FullCallback
 .text.HAL_CAN_RxFifo1MsgPendingCallback
                0x0800181e        0x2 CMakeFiles/Demo.elf.dir/Drivers/STM32F4xx_HAL_Driver/Src/stm32f4xx_hal_can.c.obj
                0x0800181e                HAL_CAN_RxFifo1MsgPendingCallback
 .text.HAL_CAN_RxFifo1FullCallback
                0x08001820        0x2 CMakeFiles/Demo.elf.dir/Drivers/STM32F4xx_HAL_Driver/Src/stm32f4xx_hal_can.c.obj
                0x08001820                HAL_CAN_RxFifo1FullCallback
 .text.HAL_CAN_SleepCallback
                0x08001822        0x2 CMakeFiles/Demo.elf.dir/Drivers/STM32F4xx_HAL_Driver/Src/stm32f4xx_hal_can.c.obj
                0x08001822                HAL_CAN_SleepCallback
 .text.HAL_CAN_WakeUpFromRxMsgCallback
                0x08001824        0x2 CMakeFiles/Demo.elf.dir/Drivers/STM32F4xx_HAL_Driver/Src/stm32f4xx_hal_can.c.obj
                0x08001824                HAL_CAN_WakeUpFromRxMsgCallback
 .text.HAL_CAN_ErrorCallback
                0x08001826        0x2 CMakeFiles/Demo.elf.dir/Drivers/STM32F4xx_HAL_Driver/Src/stm32f4xx_hal_can.c.obj
                0x08001826                HAL_CAN_ErrorCallback
 .text.HAL_CAN_IRQHandler
                0x08001828      0x24a CMakeFiles/Demo.elf.dir/Drivers/STM32F4xx_HAL_Driver/Src/stm32f4xx_hal_can.c.obj
                0x08001828                HAL_CAN_IRQHandler
 *fill*         0x08001a72        0x2 
 .text.HAL_NVIC_SetPriorityGrouping
                0x08001a74       0x24 CMakeFiles/Demo.elf.dir/Drivers/STM32F4xx_HAL_Driver/Src/stm32f4xx_hal_cortex.c.obj
                0x08001a74                HAL_NVIC_SetPriorityGrouping
 .text.HAL_NVIC_SetPriority
                0x08001a98       0x70 CMakeFiles/Demo.elf.dir/Drivers/STM32F4xx_HAL_Driver/Src/stm32f4xx_hal_cortex.c.obj
                0x08001a98                HAL_NVIC_SetPriority
 .text.HAL_NVIC_EnableIRQ
                0x08001b08       0x1c CMakeFiles/Demo.elf.dir/Drivers/STM32F4xx_HAL_Driver/Src/stm32f4xx_hal_cortex.c.obj
                0x08001b08                HAL_NVIC_EnableIRQ
 .text.HAL_SYSTICK_Config
                0x08001b24       0x28 CMakeFiles/Demo.elf.dir/Drivers/STM32F4xx_HAL_Driver/Src/stm32f4xx_hal_cortex.c.obj
                0x08001b24                HAL_SYSTICK_Config
 .text.HAL_GPIO_Init
                0x08001b4c      0x1e4 CMakeFiles/Demo.elf.dir/Drivers/STM32F4xx_HAL_Driver/Src/stm32f4xx_hal_gpio.c.obj
                0x08001b4c                HAL_GPIO_Init
 .text.PCD_WriteEmptyTxFifo
                0x08001d30       0xd0 CMakeFiles/Demo.elf.dir/Drivers/STM32F4xx_HAL_Driver/Src/stm32f4xx_hal_pcd.c.obj
 .text.HAL_PCD_Init
                0x08001e00      0x102 CMakeFiles/Demo.elf.dir/Drivers/STM32F4xx_HAL_Driver/Src/stm32f4xx_hal_pcd.c.obj
                0x08001e00                HAL_PCD_Init
 .text.HAL_PCD_Start
                0x08001f02       0x44 CMakeFiles/Demo.elf.dir/Drivers/STM32F4xx_HAL_Driver/Src/stm32f4xx_hal_pcd.c.obj
                0x08001f02                HAL_PCD_Start
 *fill*         0x08001f46        0x2 
 .text.PCD_EP_OutXfrComplete_int
                0x08001f48      0x104 CMakeFiles/Demo.elf.dir/Drivers/STM32F4xx_HAL_Driver/Src/stm32f4xx_hal_pcd.c.obj
 .text.PCD_EP_OutSetupPacket_int
                0x0800204c       0x50 CMakeFiles/Demo.elf.dir/Drivers/STM32F4xx_HAL_Driver/Src/stm32f4xx_hal_pcd.c.obj
 .text.HAL_PCD_SetAddress
                0x0800209c       0x26 CMakeFiles/Demo.elf.dir/Drivers/STM32F4xx_HAL_Driver/Src/stm32f4xx_hal_pcd.c.obj
                0x0800209c                HAL_PCD_SetAddress
 .text.HAL_PCD_EP_Open
                0x080020c2       0x8c CMakeFiles/Demo.elf.dir/Drivers/STM32F4xx_HAL_Driver/Src/stm32f4xx_hal_pcd.c.obj
                0x080020c2                HAL_PCD_EP_Open
 .text.HAL_PCD_EP_Close
                0x0800214e       0x70 CMakeFiles/Demo.elf.dir/Drivers/STM32F4xx_HAL_Driver/Src/stm32f4xx_hal_pcd.c.obj
                0x0800214e                HAL_PCD_EP_Close
 .text.HAL_PCD_EP_Receive
                0x080021be       0x4a CMakeFiles/Demo.elf.dir/Drivers/STM32F4xx_HAL_Driver/Src/stm32f4xx_hal_pcd.c.obj
                0x080021be                HAL_PCD_EP_Receive
 .text.HAL_PCD_EP_GetRxCount
                0x08002208       0x12 CMakeFiles/Demo.elf.dir/Drivers/STM32F4xx_HAL_Driver/Src/stm32f4xx_hal_pcd.c.obj
                0x08002208                HAL_PCD_EP_GetRxCount
 .text.HAL_PCD_EP_Transmit
                0x0800221a       0x4a CMakeFiles/Demo.elf.dir/Drivers/STM32F4xx_HAL_Driver/Src/stm32f4xx_hal_pcd.c.obj
                0x0800221a                HAL_PCD_EP_Transmit
 .text.HAL_PCD_EP_SetStall
                0x08002264       0x86 CMakeFiles/Demo.elf.dir/Drivers/STM32F4xx_HAL_Driver/Src/stm32f4xx_hal_pcd.c.obj
                0x08002264                HAL_PCD_EP_SetStall
 .text.HAL_PCD_EP_ClrStall
                0x080022ea       0x74 CMakeFiles/Demo.elf.dir/Drivers/STM32F4xx_HAL_Driver/Src/stm32f4xx_hal_pcd.c.obj
                0x080022ea                HAL_PCD_EP_ClrStall
 .text.HAL_PCD_EP_Abort
                0x0800235e       0x34 CMakeFiles/Demo.elf.dir/Drivers/STM32F4xx_HAL_Driver/Src/stm32f4xx_hal_pcd.c.obj
                0x0800235e                HAL_PCD_EP_Abort
 .text.HAL_PCD_IRQHandler
                0x08002392      0x5bc CMakeFiles/Demo.elf.dir/Drivers/STM32F4xx_HAL_Driver/Src/stm32f4xx_hal_pcd.c.obj
                0x08002392                HAL_PCD_IRQHandler
 .text.HAL_PCDEx_SetTxFiFo
                0x0800294e       0x4a CMakeFiles/Demo.elf.dir/Drivers/STM32F4xx_HAL_Driver/Src/stm32f4xx_hal_pcd_ex.c.obj
                0x0800294e                HAL_PCDEx_SetTxFiFo
 .text.HAL_PCDEx_SetRxFiFo
                0x08002998        0x8 CMakeFiles/Demo.elf.dir/Drivers/STM32F4xx_HAL_Driver/Src/stm32f4xx_hal_pcd_ex.c.obj
                0x08002998                HAL_PCDEx_SetRxFiFo
 .text.HAL_PCDEx_LPM_Callback
                0x080029a0        0x2 CMakeFiles/Demo.elf.dir/Drivers/STM32F4xx_HAL_Driver/Src/stm32f4xx_hal_pcd_ex.c.obj
                0x080029a0                HAL_PCDEx_LPM_Callback
 *fill*         0x080029a2        0x2 
 .text.HAL_RCC_OscConfig
                0x080029a4      0x3f8 CMakeFiles/Demo.elf.dir/Drivers/STM32F4xx_HAL_Driver/Src/stm32f4xx_hal_rcc.c.obj
                0x080029a4                HAL_RCC_OscConfig
 .text.HAL_RCC_GetSysClockFreq
                0x08002d9c       0xd4 CMakeFiles/Demo.elf.dir/Drivers/STM32F4xx_HAL_Driver/Src/stm32f4xx_hal_rcc.c.obj
                0x08002d9c                HAL_RCC_GetSysClockFreq
 .text.HAL_RCC_ClockConfig
                0x08002e70      0x160 CMakeFiles/Demo.elf.dir/Drivers/STM32F4xx_HAL_Driver/Src/stm32f4xx_hal_rcc.c.obj
                0x08002e70                HAL_RCC_ClockConfig
 .text.HAL_RCC_GetHCLKFreq
                0x08002fd0        0xc CMakeFiles/Demo.elf.dir/Drivers/STM32F4xx_HAL_Driver/Src/stm32f4xx_hal_rcc.c.obj
                0x08002fd0                HAL_RCC_GetHCLKFreq
 .text.USB_CoreReset
                0x08002fdc       0x4a CMakeFiles/Demo.elf.dir/Drivers/STM32F4xx_HAL_Driver/Src/stm32f4xx_ll_usb.c.obj
 .text.USB_CoreInit
                0x08003026       0x92 CMakeFiles/Demo.elf.dir/Drivers/STM32F4xx_HAL_Driver/Src/stm32f4xx_ll_usb.c.obj
                0x08003026                USB_CoreInit
 .text.USB_SetTurnaroundTime
                0x080030b8       0xe4 CMakeFiles/Demo.elf.dir/Drivers/STM32F4xx_HAL_Driver/Src/stm32f4xx_ll_usb.c.obj
                0x080030b8                USB_SetTurnaroundTime
 .text.USB_EnableGlobalInt
                0x0800319c        0xc CMakeFiles/Demo.elf.dir/Drivers/STM32F4xx_HAL_Driver/Src/stm32f4xx_ll_usb.c.obj
                0x0800319c                USB_EnableGlobalInt
 .text.USB_DisableGlobalInt
                0x080031a8        0xc CMakeFiles/Demo.elf.dir/Drivers/STM32F4xx_HAL_Driver/Src/stm32f4xx_ll_usb.c.obj
                0x080031a8                USB_DisableGlobalInt
 .text.USB_FlushTxFifo
                0x080031b4       0x4a CMakeFiles/Demo.elf.dir/Drivers/STM32F4xx_HAL_Driver/Src/stm32f4xx_ll_usb.c.obj
                0x080031b4                USB_FlushTxFifo
 .text.USB_FlushRxFifo
                0x080031fe       0x46 CMakeFiles/Demo.elf.dir/Drivers/STM32F4xx_HAL_Driver/Src/stm32f4xx_ll_usb.c.obj
                0x080031fe                USB_FlushRxFifo
 .text.USB_SetDevSpeed
                0x08003244        0xe CMakeFiles/Demo.elf.dir/Drivers/STM32F4xx_HAL_Driver/Src/stm32f4xx_ll_usb.c.obj
                0x08003244                USB_SetDevSpeed
 *fill*         0x08003252        0x2 
 .text.USB_DevInit
                0x08003254      0x194 CMakeFiles/Demo.elf.dir/Drivers/STM32F4xx_HAL_Driver/Src/stm32f4xx_ll_usb.c.obj
                0x08003254                USB_DevInit
 .text.USB_GetDevSpeed
                0x080033e8       0x22 CMakeFiles/Demo.elf.dir/Drivers/STM32F4xx_HAL_Driver/Src/stm32f4xx_ll_usb.c.obj
                0x080033e8                USB_GetDevSpeed
 .text.USB_ActivateEndpoint
                0x0800340a       0x9c CMakeFiles/Demo.elf.dir/Drivers/STM32F4xx_HAL_Driver/Src/stm32f4xx_ll_usb.c.obj
                0x0800340a                USB_ActivateEndpoint
 *fill*         0x080034a6        0x2 
 .text.USB_DeactivateEndpoint
                0x080034a8       0xe0 CMakeFiles/Demo.elf.dir/Drivers/STM32F4xx_HAL_Driver/Src/stm32f4xx_ll_usb.c.obj
                0x080034a8                USB_DeactivateEndpoint
 .text.USB_EPStopXfer
                0x08003588       0xbc CMakeFiles/Demo.elf.dir/Drivers/STM32F4xx_HAL_Driver/Src/stm32f4xx_ll_usb.c.obj
                0x08003588                USB_EPStopXfer
 .text.USB_WritePacket
                0x08003644       0x2e CMakeFiles/Demo.elf.dir/Drivers/STM32F4xx_HAL_Driver/Src/stm32f4xx_ll_usb.c.obj
                0x08003644                USB_WritePacket
 *fill*         0x08003672        0x2 
 .text.USB_EPStartXfer
                0x08003674      0x248 CMakeFiles/Demo.elf.dir/Drivers/STM32F4xx_HAL_Driver/Src/stm32f4xx_ll_usb.c.obj
                0x08003674                USB_EPStartXfer
 .text.USB_ReadPacket
                0x080038bc       0x54 CMakeFiles/Demo.elf.dir/Drivers/STM32F4xx_HAL_Driver/Src/stm32f4xx_ll_usb.c.obj
                0x080038bc                USB_ReadPacket
 .text.USB_EPSetStall
                0x08003910       0x5a CMakeFiles/Demo.elf.dir/Drivers/STM32F4xx_HAL_Driver/Src/stm32f4xx_ll_usb.c.obj
                0x08003910                USB_EPSetStall
 .text.USB_EPClearStall
                0x0800396a       0x5c CMakeFiles/Demo.elf.dir/Drivers/STM32F4xx_HAL_Driver/Src/stm32f4xx_ll_usb.c.obj
                0x0800396a                USB_EPClearStall
 .text.USB_SetDevAddress
                0x080039c6       0x20 CMakeFiles/Demo.elf.dir/Drivers/STM32F4xx_HAL_Driver/Src/stm32f4xx_ll_usb.c.obj
                0x080039c6                USB_SetDevAddress
 .text.USB_DevConnect
                0x080039e6       0x1c CMakeFiles/Demo.elf.dir/Drivers/STM32F4xx_HAL_Driver/Src/stm32f4xx_ll_usb.c.obj
                0x080039e6                USB_DevConnect
 .text.USB_DevDisconnect
                0x08003a02       0x1c CMakeFiles/Demo.elf.dir/Drivers/STM32F4xx_HAL_Driver/Src/stm32f4xx_ll_usb.c.obj
                0x08003a02                USB_DevDisconnect
 .text.USB_ReadInterrupts
                0x08003a1e        0x8 CMakeFiles/Demo.elf.dir/Drivers/STM32F4xx_HAL_Driver/Src/stm32f4xx_ll_usb.c.obj
                0x08003a1e                USB_ReadInterrupts
 .text.USB_ReadDevAllOutEpInterrupt
                0x08003a26       0x10 CMakeFiles/Demo.elf.dir/Drivers/STM32F4xx_HAL_Driver/Src/stm32f4xx_ll_usb.c.obj
                0x08003a26                USB_ReadDevAllOutEpInterrupt
 .text.USB_ReadDevAllInEpInterrupt
                0x08003a36       0x10 CMakeFiles/Demo.elf.dir/Drivers/STM32F4xx_HAL_Driver/Src/stm32f4xx_ll_usb.c.obj
                0x08003a36                USB_ReadDevAllInEpInterrupt
 .text.USB_ReadDevOutEPInterrupt
                0x08003a46       0x12 CMakeFiles/Demo.elf.dir/Drivers/STM32F4xx_HAL_Driver/Src/stm32f4xx_ll_usb.c.obj
                0x08003a46                USB_ReadDevOutEPInterrupt
 .text.USB_ReadDevInEPInterrupt
                0x08003a58       0x26 CMakeFiles/Demo.elf.dir/Drivers/STM32F4xx_HAL_Driver/Src/stm32f4xx_ll_usb.c.obj
                0x08003a58                USB_ReadDevInEPInterrupt
 .text.USB_GetMode
                0x08003a7e        0x8 CMakeFiles/Demo.elf.dir/Drivers/STM32F4xx_HAL_Driver/Src/stm32f4xx_ll_usb.c.obj
                0x08003a7e                USB_GetMode
 .text.USB_SetCurrentMode
                0x08003a86       0x62 CMakeFiles/Demo.elf.dir/Drivers/STM32F4xx_HAL_Driver/Src/stm32f4xx_ll_usb.c.obj
                0x08003a86                USB_SetCurrentMode
 .text.USB_ActivateSetup
                0x08003ae8       0x20 CMakeFiles/Demo.elf.dir/Drivers/STM32F4xx_HAL_Driver/Src/stm32f4xx_ll_usb.c.obj
                0x08003ae8                USB_ActivateSetup
 .text.USB_EP0_OutStart
                0x08003b08       0x5c CMakeFiles/Demo.elf.dir/Drivers/STM32F4xx_HAL_Driver/Src/stm32f4xx_ll_usb.c.obj
                0x08003b08                USB_EP0_OutStart
 .text.USBD_CDC_EP0_RxReady
                0x08003b64       0x40 CMakeFiles/Demo.elf.dir/Middlewares/ST/STM32_USB_Device_Library/Class/CDC/Src/usbd_cdc.c.obj
 .text.USBD_CDC_GetDeviceQualifierDescriptor
                0x08003ba4        0xc CMakeFiles/Demo.elf.dir/Middlewares/ST/STM32_USB_Device_Library/Class/CDC/Src/usbd_cdc.c.obj
                0x08003ba4                USBD_CDC_GetDeviceQualifierDescriptor
 .text.USBD_CDC_GetOtherSpeedCfgDesc
                0x08003bb0       0x48 CMakeFiles/Demo.elf.dir/Middlewares/ST/STM32_USB_Device_Library/Class/CDC/Src/usbd_cdc.c.obj
 .text.USBD_CDC_GetFSCfgDesc
                0x08003bf8       0x48 CMakeFiles/Demo.elf.dir/Middlewares/ST/STM32_USB_Device_Library/Class/CDC/Src/usbd_cdc.c.obj
 .text.USBD_CDC_GetHSCfgDesc
                0x08003c40       0x48 CMakeFiles/Demo.elf.dir/Middlewares/ST/STM32_USB_Device_Library/Class/CDC/Src/usbd_cdc.c.obj
 .text.USBD_CDC_DataOut
                0x08003c88       0x38 CMakeFiles/Demo.elf.dir/Middlewares/ST/STM32_USB_Device_Library/Class/CDC/Src/usbd_cdc.c.obj
 .text.USBD_CDC_DataIn
                0x08003cc0       0x7c CMakeFiles/Demo.elf.dir/Middlewares/ST/STM32_USB_Device_Library/Class/CDC/Src/usbd_cdc.c.obj
 .text.USBD_CDC_Setup
                0x08003d3c      0x11a CMakeFiles/Demo.elf.dir/Middlewares/ST/STM32_USB_Device_Library/Class/CDC/Src/usbd_cdc.c.obj
 .text.USBD_CDC_DeInit
                0x08003e56       0x64 CMakeFiles/Demo.elf.dir/Middlewares/ST/STM32_USB_Device_Library/Class/CDC/Src/usbd_cdc.c.obj
 .text.USBD_CDC_Init
                0x08003eba       0xee CMakeFiles/Demo.elf.dir/Middlewares/ST/STM32_USB_Device_Library/Class/CDC/Src/usbd_cdc.c.obj
 .text.USBD_CDC_RegisterInterface
                0x08003fa8       0x16 CMakeFiles/Demo.elf.dir/Middlewares/ST/STM32_USB_Device_Library/Class/CDC/Src/usbd_cdc.c.obj
                0x08003fa8                USBD_CDC_RegisterInterface
 .text.USBD_CDC_SetTxBuffer
                0x08003fbe       0x1c CMakeFiles/Demo.elf.dir/Middlewares/ST/STM32_USB_Device_Library/Class/CDC/Src/usbd_cdc.c.obj
                0x08003fbe                USBD_CDC_SetTxBuffer
 .text.USBD_CDC_SetRxBuffer
                0x08003fda       0x18 CMakeFiles/Demo.elf.dir/Middlewares/ST/STM32_USB_Device_Library/Class/CDC/Src/usbd_cdc.c.obj
                0x08003fda                USBD_CDC_SetRxBuffer
 .text.USBD_CDC_TransmitPacket
                0x08003ff2       0x3a CMakeFiles/Demo.elf.dir/Middlewares/ST/STM32_USB_Device_Library/Class/CDC/Src/usbd_cdc.c.obj
                0x08003ff2                USBD_CDC_TransmitPacket
 .text.USBD_CDC_ReceivePacket
                0x0800402c       0x38 CMakeFiles/Demo.elf.dir/Middlewares/ST/STM32_USB_Device_Library/Class/CDC/Src/usbd_cdc.c.obj
                0x0800402c                USBD_CDC_ReceivePacket
 .text.USBD_Init
                0x08004064       0x2e CMakeFiles/Demo.elf.dir/Middlewares/ST/STM32_USB_Device_Library/Core/Src/usbd_core.c.obj
                0x08004064                USBD_Init
 .text.USBD_RegisterClass
                0x08004092       0x34 CMakeFiles/Demo.elf.dir/Middlewares/ST/STM32_USB_Device_Library/Core/Src/usbd_core.c.obj
                0x08004092                USBD_RegisterClass
 .text.USBD_Start
                0x080040c6        0x8 CMakeFiles/Demo.elf.dir/Middlewares/ST/STM32_USB_Device_Library/Core/Src/usbd_core.c.obj
                0x080040c6                USBD_Start
 .text.USBD_SetClassConfig
                0x080040ce       0x12 CMakeFiles/Demo.elf.dir/Middlewares/ST/STM32_USB_Device_Library/Core/Src/usbd_core.c.obj
                0x080040ce                USBD_SetClassConfig
 .text.USBD_ClrClassConfig
                0x080040e0       0x12 CMakeFiles/Demo.elf.dir/Middlewares/ST/STM32_USB_Device_Library/Core/Src/usbd_core.c.obj
                0x080040e0                USBD_ClrClassConfig
 .text.USBD_LL_SetupStage
                0x080040f2       0x58 CMakeFiles/Demo.elf.dir/Middlewares/ST/STM32_USB_Device_Library/Core/Src/usbd_core.c.obj
                0x080040f2                USBD_LL_SetupStage
 .text.USBD_LL_Reset
                0x0800414a       0x64 CMakeFiles/Demo.elf.dir/Middlewares/ST/STM32_USB_Device_Library/Core/Src/usbd_core.c.obj
                0x0800414a                USBD_LL_Reset
 .text.USBD_LL_SetSpeed
                0x080041ae        0x6 CMakeFiles/Demo.elf.dir/Middlewares/ST/STM32_USB_Device_Library/Core/Src/usbd_core.c.obj
                0x080041ae                USBD_LL_SetSpeed
 .text.USBD_LL_Suspend
                0x080041b4       0x1e CMakeFiles/Demo.elf.dir/Middlewares/ST/STM32_USB_Device_Library/Core/Src/usbd_core.c.obj
                0x080041b4                USBD_LL_Suspend
 .text.USBD_LL_Resume
                0x080041d2       0x1a CMakeFiles/Demo.elf.dir/Middlewares/ST/STM32_USB_Device_Library/Core/Src/usbd_core.c.obj
                0x080041d2                USBD_LL_Resume
 .text.USBD_LL_SOF
                0x080041ec       0x22 CMakeFiles/Demo.elf.dir/Middlewares/ST/STM32_USB_Device_Library/Core/Src/usbd_core.c.obj
                0x080041ec                USBD_LL_SOF
 .text.USBD_LL_IsoINIncomplete
                0x0800420e       0x2e CMakeFiles/Demo.elf.dir/Middlewares/ST/STM32_USB_Device_Library/Core/Src/usbd_core.c.obj
                0x0800420e                USBD_LL_IsoINIncomplete
 .text.USBD_LL_IsoOUTIncomplete
                0x0800423c       0x2e CMakeFiles/Demo.elf.dir/Middlewares/ST/STM32_USB_Device_Library/Core/Src/usbd_core.c.obj
                0x0800423c                USBD_LL_IsoOUTIncomplete
 .text.USBD_LL_DevConnected
                0x0800426a        0x4 CMakeFiles/Demo.elf.dir/Middlewares/ST/STM32_USB_Device_Library/Core/Src/usbd_core.c.obj
                0x0800426a                USBD_LL_DevConnected
 .text.USBD_LL_DevDisconnected
                0x0800426e       0x20 CMakeFiles/Demo.elf.dir/Middlewares/ST/STM32_USB_Device_Library/Core/Src/usbd_core.c.obj
                0x0800426e                USBD_LL_DevDisconnected
 .text.USBD_CoreFindIF
                0x0800428e        0x4 CMakeFiles/Demo.elf.dir/Middlewares/ST/STM32_USB_Device_Library/Core/Src/usbd_core.c.obj
                0x0800428e                USBD_CoreFindIF
 .text.USBD_CoreFindEP
                0x08004292        0x4 CMakeFiles/Demo.elf.dir/Middlewares/ST/STM32_USB_Device_Library/Core/Src/usbd_core.c.obj
                0x08004292                USBD_CoreFindEP
 .text.USBD_LL_DataOutStage
                0x08004296       0xc6 CMakeFiles/Demo.elf.dir/Middlewares/ST/STM32_USB_Device_Library/Core/Src/usbd_core.c.obj
                0x08004296                USBD_LL_DataOutStage
 .text.USBD_LL_DataInStage
                0x0800435c       0xd6 CMakeFiles/Demo.elf.dir/Middlewares/ST/STM32_USB_Device_Library/Core/Src/usbd_core.c.obj
                0x0800435c                USBD_LL_DataInStage
 .text.USBD_GetNextDesc
                0x08004432        0xe CMakeFiles/Demo.elf.dir/Middlewares/ST/STM32_USB_Device_Library/Core/Src/usbd_core.c.obj
                0x08004432                USBD_GetNextDesc
 .text.USBD_GetEpDesc
                0x08004440       0x3e CMakeFiles/Demo.elf.dir/Middlewares/ST/STM32_USB_Device_Library/Core/Src/usbd_core.c.obj
                0x08004440                USBD_GetEpDesc
 .text.USBD_GetLen
                0x0800447e       0x14 CMakeFiles/Demo.elf.dir/Middlewares/ST/STM32_USB_Device_Library/Core/Src/usbd_ctlreq.c.obj
 .text.USBD_ParseSetupRequest
                0x08004492       0x28 CMakeFiles/Demo.elf.dir/Middlewares/ST/STM32_USB_Device_Library/Core/Src/usbd_ctlreq.c.obj
                0x08004492                USBD_ParseSetupRequest
 .text.USBD_CtlError
                0x080044ba       0x14 CMakeFiles/Demo.elf.dir/Middlewares/ST/STM32_USB_Device_Library/Core/Src/usbd_ctlreq.c.obj
                0x080044ba                USBD_CtlError
 .text.USBD_GetDescriptor
                0x080044ce      0x18a CMakeFiles/Demo.elf.dir/Middlewares/ST/STM32_USB_Device_Library/Core/Src/usbd_ctlreq.c.obj
 .text.USBD_SetAddress
                0x08004658       0x50 CMakeFiles/Demo.elf.dir/Middlewares/ST/STM32_USB_Device_Library/Core/Src/usbd_ctlreq.c.obj
 .text.USBD_SetConfig
                0x080046a8       0xcc CMakeFiles/Demo.elf.dir/Middlewares/ST/STM32_USB_Device_Library/Core/Src/usbd_ctlreq.c.obj
 .text.USBD_GetConfig
                0x08004774       0x40 CMakeFiles/Demo.elf.dir/Middlewares/ST/STM32_USB_Device_Library/Core/Src/usbd_ctlreq.c.obj
 .text.USBD_GetStatus
                0x080047b4       0x38 CMakeFiles/Demo.elf.dir/Middlewares/ST/STM32_USB_Device_Library/Core/Src/usbd_ctlreq.c.obj
 .text.USBD_SetFeature
                0x080047ec       0x2a CMakeFiles/Demo.elf.dir/Middlewares/ST/STM32_USB_Device_Library/Core/Src/usbd_ctlreq.c.obj
 .text.USBD_ClrFeature
                0x08004816       0x26 CMakeFiles/Demo.elf.dir/Middlewares/ST/STM32_USB_Device_Library/Core/Src/usbd_ctlreq.c.obj
 .text.USBD_StdDevReq
                0x0800483c       0x76 CMakeFiles/Demo.elf.dir/Middlewares/ST/STM32_USB_Device_Library/Core/Src/usbd_ctlreq.c.obj
                0x0800483c                USBD_StdDevReq
 .text.USBD_StdItfReq
                0x080048b2       0x84 CMakeFiles/Demo.elf.dir/Middlewares/ST/STM32_USB_Device_Library/Core/Src/usbd_ctlreq.c.obj
                0x080048b2                USBD_StdItfReq
 .text.USBD_StdEPReq
                0x08004936      0x230 CMakeFiles/Demo.elf.dir/Middlewares/ST/STM32_USB_Device_Library/Core/Src/usbd_ctlreq.c.obj
                0x08004936                USBD_StdEPReq
 .text.USBD_GetString
                0x08004b66       0x46 CMakeFiles/Demo.elf.dir/Middlewares/ST/STM32_USB_Device_Library/Core/Src/usbd_ctlreq.c.obj
                0x08004b66                USBD_GetString
 .text.USBD_CtlSendData
                0x08004bac       0x1a CMakeFiles/Demo.elf.dir/Middlewares/ST/STM32_USB_Device_Library/Core/Src/usbd_ioreq.c.obj
                0x08004bac                USBD_CtlSendData
 .text.USBD_CtlContinueSendData
                0x08004bc6       0x10 CMakeFiles/Demo.elf.dir/Middlewares/ST/STM32_USB_Device_Library/Core/Src/usbd_ioreq.c.obj
                0x08004bc6                USBD_CtlContinueSendData
 .text.USBD_CtlPrepareRx
                0x08004bd6       0x1e CMakeFiles/Demo.elf.dir/Middlewares/ST/STM32_USB_Device_Library/Core/Src/usbd_ioreq.c.obj
                0x08004bd6                USBD_CtlPrepareRx
 .text.USBD_CtlContinueRx
                0x08004bf4       0x10 CMakeFiles/Demo.elf.dir/Middlewares/ST/STM32_USB_Device_Library/Core/Src/usbd_ioreq.c.obj
                0x08004bf4                USBD_CtlContinueRx
 .text.USBD_CtlSendStatus
                0x08004c04       0x16 CMakeFiles/Demo.elf.dir/Middlewares/ST/STM32_USB_Device_Library/Core/Src/usbd_ioreq.c.obj
                0x08004c04                USBD_CtlSendStatus
 .text.USBD_CtlReceiveStatus
                0x08004c1a       0x16 CMakeFiles/Demo.elf.dir/Middlewares/ST/STM32_USB_Device_Library/Core/Src/usbd_ioreq.c.obj
                0x08004c1a                USBD_CtlReceiveStatus
 .text.MX_USB_DEVICE_Init
                0x08004c30       0x54 CMakeFiles/Demo.elf.dir/USB_DEVICE/App/usb_device.c.obj
                0x08004c30                MX_USB_DEVICE_Init
 .text.CDC_DeInit_FS
                0x08004c84        0x4 CMakeFiles/Demo.elf.dir/USB_DEVICE/App/usbd_cdc_if.c.obj
 .text.CDC_Control_FS
                0x08004c88        0x4 CMakeFiles/Demo.elf.dir/USB_DEVICE/App/usbd_cdc_if.c.obj
 .text.CDC_TransmitCplt_FS
                0x08004c8c        0x4 CMakeFiles/Demo.elf.dir/USB_DEVICE/App/usbd_cdc_if.c.obj
 .text.CDC_Receive_FS
                0x08004c90       0x1c CMakeFiles/Demo.elf.dir/USB_DEVICE/App/usbd_cdc_if.c.obj
 .text.CDC_Init_FS
                0x08004cac       0x28 CMakeFiles/Demo.elf.dir/USB_DEVICE/App/usbd_cdc_if.c.obj
 .text.CDC_Transmit_FS
                0x08004cd4       0x2c CMakeFiles/Demo.elf.dir/USB_DEVICE/App/usbd_cdc_if.c.obj
                0x08004cd4                CDC_Transmit_FS
 .text.USBD_FS_DeviceDescriptor
                0x08004d00        0xc CMakeFiles/Demo.elf.dir/USB_DEVICE/App/usbd_desc.c.obj
                0x08004d00                USBD_FS_DeviceDescriptor
 .text.USBD_FS_LangIDStrDescriptor
                0x08004d0c        0xc CMakeFiles/Demo.elf.dir/USB_DEVICE/App/usbd_desc.c.obj
                0x08004d0c                USBD_FS_LangIDStrDescriptor
 .text.IntToUnicode
                0x08004d18       0x46 CMakeFiles/Demo.elf.dir/USB_DEVICE/App/usbd_desc.c.obj
 *fill*         0x08004d5e        0x2 
 .text.Get_SerialNum
                0x08004d60       0x38 CMakeFiles/Demo.elf.dir/USB_DEVICE/App/usbd_desc.c.obj
 .text.USBD_FS_SerialStrDescriptor
                0x08004d98       0x14 CMakeFiles/Demo.elf.dir/USB_DEVICE/App/usbd_desc.c.obj
                0x08004d98                USBD_FS_SerialStrDescriptor
 .text.USBD_FS_ProductStrDescriptor
                0x08004dac       0x24 CMakeFiles/Demo.elf.dir/USB_DEVICE/App/usbd_desc.c.obj
                0x08004dac                USBD_FS_ProductStrDescriptor
 .text.USBD_FS_ManufacturerStrDescriptor
                0x08004dd0       0x1c CMakeFiles/Demo.elf.dir/USB_DEVICE/App/usbd_desc.c.obj
                0x08004dd0                USBD_FS_ManufacturerStrDescriptor
 .text.USBD_FS_ConfigStrDescriptor
                0x08004dec       0x24 CMakeFiles/Demo.elf.dir/USB_DEVICE/App/usbd_desc.c.obj
                0x08004dec                USBD_FS_ConfigStrDescriptor
 .text.USBD_FS_InterfaceStrDescriptor
                0x08004e10       0x24 CMakeFiles/Demo.elf.dir/USB_DEVICE/App/usbd_desc.c.obj
                0x08004e10                USBD_FS_InterfaceStrDescriptor
 .text.HAL_PCD_MspInit
                0x08004e34       0x88 CMakeFiles/Demo.elf.dir/USB_DEVICE/Target/usbd_conf.c.obj
                0x08004e34                HAL_PCD_MspInit
 .text.HAL_PCD_SetupStageCallback
                0x08004ebc       0x10 CMakeFiles/Demo.elf.dir/USB_DEVICE/Target/usbd_conf.c.obj
                0x08004ebc                HAL_PCD_SetupStageCallback
 .text.HAL_PCD_DataOutStageCallback
                0x08004ecc       0x18 CMakeFiles/Demo.elf.dir/USB_DEVICE/Target/usbd_conf.c.obj
                0x08004ecc                HAL_PCD_DataOutStageCallback
 .text.HAL_PCD_DataInStageCallback
                0x08004ee4       0x16 CMakeFiles/Demo.elf.dir/USB_DEVICE/Target/usbd_conf.c.obj
                0x08004ee4                HAL_PCD_DataInStageCallback
 .text.HAL_PCD_SOFCallback
                0x08004efa        0xc CMakeFiles/Demo.elf.dir/USB_DEVICE/Target/usbd_conf.c.obj
                0x08004efa                HAL_PCD_SOFCallback
 .text.HAL_PCD_ResetCallback
                0x08004f06       0x28 CMakeFiles/Demo.elf.dir/USB_DEVICE/Target/usbd_conf.c.obj
                0x08004f06                HAL_PCD_ResetCallback
 *fill*         0x08004f2e        0x2 
 .text.HAL_PCD_SuspendCallback
                0x08004f30       0x30 CMakeFiles/Demo.elf.dir/USB_DEVICE/Target/usbd_conf.c.obj
                0x08004f30                HAL_PCD_SuspendCallback
 .text.HAL_PCD_ResumeCallback
                0x08004f60        0xc CMakeFiles/Demo.elf.dir/USB_DEVICE/Target/usbd_conf.c.obj
                0x08004f60                HAL_PCD_ResumeCallback
 .text.HAL_PCD_ISOOUTIncompleteCallback
                0x08004f6c        0xc CMakeFiles/Demo.elf.dir/USB_DEVICE/Target/usbd_conf.c.obj
                0x08004f6c                HAL_PCD_ISOOUTIncompleteCallback
 .text.HAL_PCD_ISOINIncompleteCallback
                0x08004f78        0xc CMakeFiles/Demo.elf.dir/USB_DEVICE/Target/usbd_conf.c.obj
                0x08004f78                HAL_PCD_ISOINIncompleteCallback
 .text.HAL_PCD_ConnectCallback
                0x08004f84        0xc CMakeFiles/Demo.elf.dir/USB_DEVICE/Target/usbd_conf.c.obj
                0x08004f84                HAL_PCD_ConnectCallback
 .text.HAL_PCD_DisconnectCallback
                0x08004f90        0xc CMakeFiles/Demo.elf.dir/USB_DEVICE/Target/usbd_conf.c.obj
                0x08004f90                HAL_PCD_DisconnectCallback
 .text.USBD_LL_Init
                0x08004f9c       0x68 CMakeFiles/Demo.elf.dir/USB_DEVICE/Target/usbd_conf.c.obj
                0x08004f9c                USBD_LL_Init
 .text.USBD_LL_IsStallEP
                0x08005004       0x2c CMakeFiles/Demo.elf.dir/USB_DEVICE/Target/usbd_conf.c.obj
                0x08005004                USBD_LL_IsStallEP
 .text.USBD_LL_GetRxDataSize
                0x08005030        0xc CMakeFiles/Demo.elf.dir/USB_DEVICE/Target/usbd_conf.c.obj
                0x08005030                USBD_LL_GetRxDataSize
 .text.USBD_static_malloc
                0x0800503c        0x8 CMakeFiles/Demo.elf.dir/USB_DEVICE/Target/usbd_conf.c.obj
                0x0800503c                USBD_static_malloc
 .text.USBD_static_free
                0x08005044        0x2 CMakeFiles/Demo.elf.dir/USB_DEVICE/Target/usbd_conf.c.obj
                0x08005044                USBD_static_free
 .text.USBD_Get_USB_Status
                0x08005046       0x14 CMakeFiles/Demo.elf.dir/USB_DEVICE/Target/usbd_conf.c.obj
                0x08005046                USBD_Get_USB_Status
 .text.USBD_LL_Start
                0x0800505a       0x10 CMakeFiles/Demo.elf.dir/USB_DEVICE/Target/usbd_conf.c.obj
                0x0800505a                USBD_LL_Start
 .text.USBD_LL_OpenEP
                0x0800506a       0x16 CMakeFiles/Demo.elf.dir/USB_DEVICE/Target/usbd_conf.c.obj
                0x0800506a                USBD_LL_OpenEP
 .text.USBD_LL_CloseEP
                0x08005080       0x10 CMakeFiles/Demo.elf.dir/USB_DEVICE/Target/usbd_conf.c.obj
                0x08005080                USBD_LL_CloseEP
 .text.USBD_LL_StallEP
                0x08005090       0x10 CMakeFiles/Demo.elf.dir/USB_DEVICE/Target/usbd_conf.c.obj
                0x08005090                USBD_LL_StallEP
 .text.USBD_LL_ClearStallEP
                0x080050a0       0x10 CMakeFiles/Demo.elf.dir/USB_DEVICE/Target/usbd_conf.c.obj
                0x080050a0                USBD_LL_ClearStallEP
 .text.USBD_LL_SetUSBAddress
                0x080050b0       0x10 CMakeFiles/Demo.elf.dir/USB_DEVICE/Target/usbd_conf.c.obj
                0x080050b0                USBD_LL_SetUSBAddress
 .text.USBD_LL_Transmit
                0x080050c0       0x10 CMakeFiles/Demo.elf.dir/USB_DEVICE/Target/usbd_conf.c.obj
                0x080050c0                USBD_LL_Transmit
 .text.USBD_LL_PrepareReceive
                0x080050d0       0x10 CMakeFiles/Demo.elf.dir/USB_DEVICE/Target/usbd_conf.c.obj
                0x080050d0                USBD_LL_PrepareReceive
 .text.__libc_init_array
                0x080050e0       0x48 e:/gcc-arm-none-eabi-10.3-2021.10-win32/gcc-arm-none-eabi-10.3-2021.10/bin/../lib/gcc/arm-none-eabi/10.3.1/../../../../arm-none-eabi/lib/thumb/v7e-m/nofp\libg.a(lib_a-init.o)
                0x080050e0                __libc_init_array
 .text.memset   0x08005128       0xa4 e:/gcc-arm-none-eabi-10.3-2021.10-win32/gcc-arm-none-eabi-10.3-2021.10/bin/../lib/gcc/arm-none-eabi/10.3.1/../../../../arm-none-eabi/lib/thumb/v7e-m/nofp\libg.a(lib_a-memset.o)
                0x08005128                memset
 .text.startup.register_fini
                0x080051cc       0x14 e:/gcc-arm-none-eabi-10.3-2021.10-win32/gcc-arm-none-eabi-10.3-2021.10/bin/../lib/gcc/arm-none-eabi/10.3.1/../../../../arm-none-eabi/lib/thumb/v7e-m/nofp\libg.a(lib_a-__call_atexit.o)
 .text.atexit   0x080051e0        0xc e:/gcc-arm-none-eabi-10.3-2021.10-win32/gcc-arm-none-eabi-10.3-2021.10/bin/../lib/gcc/arm-none-eabi/10.3.1/../../../../arm-none-eabi/lib/thumb/v7e-m/nofp\libg.a(lib_a-atexit.o)
                0x080051e0                atexit
 .text.__libc_fini_array
                0x080051ec       0x2c e:/gcc-arm-none-eabi-10.3-2021.10-win32/gcc-arm-none-eabi-10.3-2021.10/bin/../lib/gcc/arm-none-eabi/10.3.1/../../../../arm-none-eabi/lib/thumb/v7e-m/nofp\libg.a(lib_a-fini.o)
                0x080051ec                __libc_fini_array
 .text.__retarget_lock_acquire_recursive
                0x08005218        0x4 e:/gcc-arm-none-eabi-10.3-2021.10-win32/gcc-arm-none-eabi-10.3-2021.10/bin/../lib/gcc/arm-none-eabi/10.3.1/../../../../arm-none-eabi/lib/thumb/v7e-m/nofp\libg.a(lib_a-lock.o)
                0x08005218                __retarget_lock_acquire_recursive
 .text.__retarget_lock_release_recursive
                0x0800521c        0x4 e:/gcc-arm-none-eabi-10.3-2021.10-win32/gcc-arm-none-eabi-10.3-2021.10/bin/../lib/gcc/arm-none-eabi/10.3.1/../../../../arm-none-eabi/lib/thumb/v7e-m/nofp\libg.a(lib_a-lock.o)
                0x0800521c                __retarget_lock_release_recursive
 .text.__register_exitproc
                0x08005220       0x8c e:/gcc-arm-none-eabi-10.3-2021.10-win32/gcc-arm-none-eabi-10.3-2021.10/bin/../lib/gcc/arm-none-eabi/10.3.1/../../../../arm-none-eabi/lib/thumb/v7e-m/nofp\libg.a(lib_a-__atexit.o)
                0x08005220                __register_exitproc
 *(.glue_7)
 .glue_7        0x080052ac        0x0 linker stubs
 *(.glue_7t)
 .glue_7t       0x080052ac        0x0 linker stubs
 *(.eh_frame)
 .eh_frame      0x080052ac        0x0 e:/gcc-arm-none-eabi-10.3-2021.10-win32/gcc-arm-none-eabi-10.3-2021.10/bin/../lib/gcc/arm-none-eabi/10.3.1/thumb/v7e-m/nofp/crtbegin.o
 *(.init)
 .init          0x080052ac        0x4 e:/gcc-arm-none-eabi-10.3-2021.10-win32/gcc-arm-none-eabi-10.3-2021.10/bin/../lib/gcc/arm-none-eabi/10.3.1/thumb/v7e-m/nofp/crti.o
                0x080052ac                _init
 .init          0x080052b0        0x8 e:/gcc-arm-none-eabi-10.3-2021.10-win32/gcc-arm-none-eabi-10.3-2021.10/bin/../lib/gcc/arm-none-eabi/10.3.1/thumb/v7e-m/nofp/crtn.o
 *(.fini)
 .fini          0x080052b8        0x4 e:/gcc-arm-none-eabi-10.3-2021.10-win32/gcc-arm-none-eabi-10.3-2021.10/bin/../lib/gcc/arm-none-eabi/10.3.1/thumb/v7e-m/nofp/crti.o
                0x080052b8                _fini
 .fini          0x080052bc        0x8 e:/gcc-arm-none-eabi-10.3-2021.10-win32/gcc-arm-none-eabi-10.3-2021.10/bin/../lib/gcc/arm-none-eabi/10.3.1/thumb/v7e-m/nofp/crtn.o
                0x080052c4                . = ALIGN (0x4)
                0x080052c4                _etext = .

.vfp11_veneer   0x080052c4        0x0
 .vfp11_veneer  0x080052c4        0x0 linker stubs

.v4_bx          0x080052c4        0x0
 .v4_bx         0x080052c4        0x0 linker stubs

.iplt           0x080052c4        0x0
 .iplt          0x080052c4        0x0 e:/gcc-arm-none-eabi-10.3-2021.10-win32/gcc-arm-none-eabi-10.3-2021.10/bin/../lib/gcc/arm-none-eabi/10.3.1/thumb/v7e-m/nofp/crtbegin.o

.rodata         0x080052c4       0x64
                0x080052c4                . = ALIGN (0x4)
 *(.rodata)
 .rodata        0x080052c4        0x8 CMakeFiles/Demo.elf.dir/Core/Src/main.c.obj
 *(.rodata*)
 .rodata.AHBPrescTable
                0x080052cc       0x10 CMakeFiles/Demo.elf.dir/Core/Src/system_stm32f4xx.c.obj
                0x080052cc                AHBPrescTable
 .rodata.USBD_FS_ProductStrDescriptor.str1.4
                0x080052dc       0x16 CMakeFiles/Demo.elf.dir/USB_DEVICE/App/usbd_desc.c.obj
 *fill*         0x080052f2        0x2 
 .rodata.USBD_FS_ManufacturerStrDescriptor.str1.4
                0x080052f4       0x13 CMakeFiles/Demo.elf.dir/USB_DEVICE/App/usbd_desc.c.obj
 *fill*         0x08005307        0x1 
 .rodata.USBD_FS_ConfigStrDescriptor.str1.4
                0x08005308        0xb CMakeFiles/Demo.elf.dir/USB_DEVICE/App/usbd_desc.c.obj
 *fill*         0x08005313        0x1 
 .rodata.USBD_FS_InterfaceStrDescriptor.str1.4
                0x08005314        0xe CMakeFiles/Demo.elf.dir/USB_DEVICE/App/usbd_desc.c.obj
 *fill*         0x08005322        0x2 
 .rodata._global_impure_ptr
                0x08005324        0x4 e:/gcc-arm-none-eabi-10.3-2021.10-win32/gcc-arm-none-eabi-10.3-2021.10/bin/../lib/gcc/arm-none-eabi/10.3.1/../../../../arm-none-eabi/lib/thumb/v7e-m/nofp\libg.a(lib_a-impure.o)
                0x08005324                _global_impure_ptr
                0x08005328                . = ALIGN (0x4)

.ARM.extab      0x08005328        0x0
                0x08005328                . = ALIGN (0x4)
 *(.ARM.extab* .gnu.linkonce.armextab.*)
                0x08005328                . = ALIGN (0x4)

.ARM            0x08005328        0x8
                0x08005328                . = ALIGN (0x4)
                0x08005328                __exidx_start = .
 *(.ARM.exidx*)
 .ARM.exidx     0x08005328        0x8 e:/gcc-arm-none-eabi-10.3-2021.10-win32/gcc-arm-none-eabi-10.3-2021.10/bin/../lib/gcc/arm-none-eabi/10.3.1/thumb/v7e-m/nofp\libgcc.a(_udivmoddi4.o)
                0x08005330                __exidx_end = .
                0x08005330                . = ALIGN (0x4)

.rel.dyn        0x08005330        0x0
 .rel.iplt      0x08005330        0x0 e:/gcc-arm-none-eabi-10.3-2021.10-win32/gcc-arm-none-eabi-10.3-2021.10/bin/../lib/gcc/arm-none-eabi/10.3.1/thumb/v7e-m/nofp/crtbegin.o

.preinit_array  0x08005330        0x0
                0x08005330                . = ALIGN (0x4)
                0x08005330                PROVIDE (__preinit_array_start = .)
 *(.preinit_array*)
                0x08005330                PROVIDE (__preinit_array_end = .)
                0x08005330                . = ALIGN (0x4)

.init_array     0x08005330        0x8
                0x08005330                . = ALIGN (0x4)
                0x08005330                PROVIDE (__init_array_start = .)
 *(SORT_BY_NAME(.init_array.*))
 .init_array.00000
                0x08005330        0x4 e:/gcc-arm-none-eabi-10.3-2021.10-win32/gcc-arm-none-eabi-10.3-2021.10/bin/../lib/gcc/arm-none-eabi/10.3.1/../../../../arm-none-eabi/lib/thumb/v7e-m/nofp\libg.a(lib_a-__call_atexit.o)
 *(.init_array*)
 .init_array    0x08005334        0x4 e:/gcc-arm-none-eabi-10.3-2021.10-win32/gcc-arm-none-eabi-10.3-2021.10/bin/../lib/gcc/arm-none-eabi/10.3.1/thumb/v7e-m/nofp/crtbegin.o
                0x08005338                PROVIDE (__init_array_end = .)
                0x08005338                . = ALIGN (0x4)

.fini_array     0x08005338        0x4
                0x08005338                . = ALIGN (0x4)
                0x08005338                PROVIDE (__fini_array_start = .)
 *(SORT_BY_NAME(.fini_array.*))
 *(.fini_array*)
 .fini_array    0x08005338        0x4 e:/gcc-arm-none-eabi-10.3-2021.10-win32/gcc-arm-none-eabi-10.3-2021.10/bin/../lib/gcc/arm-none-eabi/10.3.1/thumb/v7e-m/nofp/crtbegin.o
                0x0800533c                PROVIDE (__fini_array_end = .)
                0x0800533c                . = ALIGN (0x4)
                0x0800533c                _sidata = LOADADDR (.data)

.data           0x20000000      0x524 load address 0x0800533c
                0x20000000                . = ALIGN (0x4)
                0x20000000                _sdata = .
 *(.data)
 *(.data*)
 .data.SystemCoreClock
                0x20000000        0x4 CMakeFiles/Demo.elf.dir/Core/Src/system_stm32f4xx.c.obj
                0x20000000                SystemCoreClock
 .data.uwTickFreq
                0x20000004        0x1 CMakeFiles/Demo.elf.dir/Drivers/STM32F4xx_HAL_Driver/Src/stm32f4xx_hal.c.obj
                0x20000004                uwTickFreq
 *fill*         0x20000005        0x3 
 .data.uwTickPrio
                0x20000008        0x4 CMakeFiles/Demo.elf.dir/Drivers/STM32F4xx_HAL_Driver/Src/stm32f4xx_hal.c.obj
                0x20000008                uwTickPrio
 .data.USBD_CDC
                0x2000000c       0x38 CMakeFiles/Demo.elf.dir/Middlewares/ST/STM32_USB_Device_Library/Class/CDC/Src/usbd_cdc.c.obj
                0x2000000c                USBD_CDC
 .data.USBD_CDC_CfgDesc
                0x20000044       0x43 CMakeFiles/Demo.elf.dir/Middlewares/ST/STM32_USB_Device_Library/Class/CDC/Src/usbd_cdc.c.obj
 *fill*         0x20000087        0x1 
 .data.USBD_CDC_DeviceQualifierDesc
                0x20000088        0xa CMakeFiles/Demo.elf.dir/Middlewares/ST/STM32_USB_Device_Library/Class/CDC/Src/usbd_cdc.c.obj
 *fill*         0x20000092        0x2 
 .data.USBD_Interface_fops_FS
                0x20000094       0x14 CMakeFiles/Demo.elf.dir/USB_DEVICE/App/usbd_cdc_if.c.obj
                0x20000094                USBD_Interface_fops_FS
 .data.FS_Desc  0x200000a8       0x1c CMakeFiles/Demo.elf.dir/USB_DEVICE/App/usbd_desc.c.obj
                0x200000a8                FS_Desc
 .data.USBD_FS_DeviceDesc
                0x200000c4       0x12 CMakeFiles/Demo.elf.dir/USB_DEVICE/App/usbd_desc.c.obj
                0x200000c4                USBD_FS_DeviceDesc
 *fill*         0x200000d6        0x2 
 .data.USBD_LangIDDesc
                0x200000d8        0x4 CMakeFiles/Demo.elf.dir/USB_DEVICE/App/usbd_desc.c.obj
                0x200000d8                USBD_LangIDDesc
 .data.USBD_StringSerial
                0x200000dc       0x1a CMakeFiles/Demo.elf.dir/USB_DEVICE/App/usbd_desc.c.obj
                0x200000dc                USBD_StringSerial
 *fill*         0x200000f6        0x2 
 .data.impure_data
                0x200000f8      0x428 e:/gcc-arm-none-eabi-10.3-2021.10-win32/gcc-arm-none-eabi-10.3-2021.10/bin/../lib/gcc/arm-none-eabi/10.3.1/../../../../arm-none-eabi/lib/thumb/v7e-m/nofp\libg.a(lib_a-impure.o)
 .data.__atexit_recursive_mutex
                0x20000520        0x4 e:/gcc-arm-none-eabi-10.3-2021.10-win32/gcc-arm-none-eabi-10.3-2021.10/bin/../lib/gcc/arm-none-eabi/10.3.1/../../../../arm-none-eabi/lib/thumb/v7e-m/nofp\libg.a(lib_a-__call_atexit.o)
                0x20000520                __atexit_recursive_mutex
 *(.RamFunc)
 *(.RamFunc*)
                0x20000524                . = ALIGN (0x4)
                0x20000524                _edata = .
                0x08005860                _siccmram = LOADADDR (.ccmram)

.igot.plt       0x20000524        0x0 load address 0x08005860
 .igot.plt      0x20000524        0x0 e:/gcc-arm-none-eabi-10.3-2021.10-win32/gcc-arm-none-eabi-10.3-2021.10/bin/../lib/gcc/arm-none-eabi/10.3.1/thumb/v7e-m/nofp/crtbegin.o

.ccmram         0x10000000        0x0 load address 0x08005860
                0x10000000                . = ALIGN (0x4)
                0x10000000                _sccmram = .
 *(.ccmram)
 *(.ccmram*)
                0x10000000                . = ALIGN (0x4)
                0x10000000                _eccmram = .
                0x10000000                . = ALIGN (0x4)

.bss            0x20000524      0xcec
                0x20000524                _sbss = .
                0x20000524                __bss_start__ = _sbss
 *(.bss)
 .bss           0x20000524       0x1c e:/gcc-arm-none-eabi-10.3-2021.10-win32/gcc-arm-none-eabi-10.3-2021.10/bin/../lib/gcc/arm-none-eabi/10.3.1/thumb/v7e-m/nofp/crtbegin.o
 *(.bss*)
 .bss.hcan1     0x20000540       0x28 CMakeFiles/Demo.elf.dir/Core/Src/can.c.obj
                0x20000540                hcan1
 .bss.data      0x20000568        0x6 CMakeFiles/Demo.elf.dir/Core/Src/main.c.obj
                0x20000568                data
 *fill*         0x2000056e        0x2 
 .bss.vofa_d    0x20000570       0x1c CMakeFiles/Demo.elf.dir/Core/Src/main.c.obj
                0x20000570                vofa_d
 .bss.vofa_f    0x2000058c       0x18 CMakeFiles/Demo.elf.dir/Core/Src/main.c.obj
                0x2000058c                vofa_f
 .bss.uwTick    0x200005a4        0x4 CMakeFiles/Demo.elf.dir/Drivers/STM32F4xx_HAL_Driver/Src/stm32f4xx_hal.c.obj
                0x200005a4                uwTick
 .bss.cfgidx.0  0x200005a8        0x1 CMakeFiles/Demo.elf.dir/Middlewares/ST/STM32_USB_Device_Library/Core/Src/usbd_ctlreq.c.obj
 *fill*         0x200005a9        0x3 
 .bss.hUsbDeviceFS
                0x200005ac      0x2dc CMakeFiles/Demo.elf.dir/USB_DEVICE/App/usb_device.c.obj
                0x200005ac                hUsbDeviceFS
 .bss.UserRxBufferFS
                0x20000888       0x40 CMakeFiles/Demo.elf.dir/USB_DEVICE/App/usbd_cdc_if.c.obj
                0x20000888                UserRxBufferFS
 .bss.UserTxBufferFS
                0x200008c8       0x40 CMakeFiles/Demo.elf.dir/USB_DEVICE/App/usbd_cdc_if.c.obj
                0x200008c8                UserTxBufferFS
 .bss.USBD_StrDesc
                0x20000908      0x200 CMakeFiles/Demo.elf.dir/USB_DEVICE/App/usbd_desc.c.obj
                0x20000908                USBD_StrDesc
 .bss.hpcd_USB_OTG_FS
                0x20000b08      0x4e4 CMakeFiles/Demo.elf.dir/USB_DEVICE/Target/usbd_conf.c.obj
                0x20000b08                hpcd_USB_OTG_FS
 .bss.mem.0     0x20000fec      0x220 CMakeFiles/Demo.elf.dir/USB_DEVICE/Target/usbd_conf.c.obj
 .bss.__lock___atexit_recursive_mutex
                0x2000120c        0x1 e:/gcc-arm-none-eabi-10.3-2021.10-win32/gcc-arm-none-eabi-10.3-2021.10/bin/../lib/gcc/arm-none-eabi/10.3.1/../../../../arm-none-eabi/lib/thumb/v7e-m/nofp\libg.a(lib_a-lock.o)
                0x2000120c                __lock___atexit_recursive_mutex
 *(COMMON)
                0x20001210                . = ALIGN (0x4)
 *fill*         0x2000120d        0x3 
                0x20001210                _ebss = .
                0x20001210                __bss_end__ = _ebss

._user_heap_stack
                0x20001210      0x600
                0x20001210                . = ALIGN (0x8)
                [!provide]                PROVIDE (end = .)
                0x20001210                PROVIDE (_end = .)
                0x20001410                . = (. + _Min_Heap_Size)
 *fill*         0x20001210      0x200 
                0x20001810                . = (. + _Min_Stack_Size)
 *fill*         0x20001410      0x400 
                0x20001810                . = ALIGN (0x8)

/DISCARD/
 libc.a(*)
 libm.a(*)
 libgcc.a(*)

.ARM.attributes
                0x00000000       0x2a
 *(.ARM.attributes)
 .ARM.attributes
                0x00000000       0x1e e:/gcc-arm-none-eabi-10.3-2021.10-win32/gcc-arm-none-eabi-10.3-2021.10/bin/../lib/gcc/arm-none-eabi/10.3.1/thumb/v7e-m/nofp/crti.o
 .ARM.attributes
                0x0000001e       0x2e e:/gcc-arm-none-eabi-10.3-2021.10-win32/gcc-arm-none-eabi-10.3-2021.10/bin/../lib/gcc/arm-none-eabi/10.3.1/thumb/v7e-m/nofp/crtbegin.o
 .ARM.attributes
                0x0000004c       0x2e CMakeFiles/Demo.elf.dir/Core/Src/can.c.obj
 .ARM.attributes
                0x0000007a       0x2e CMakeFiles/Demo.elf.dir/Core/Src/gpio.c.obj
 .ARM.attributes
                0x000000a8       0x2e CMakeFiles/Demo.elf.dir/Core/Src/main.c.obj
 .ARM.attributes
                0x000000d6       0x2e CMakeFiles/Demo.elf.dir/Core/Src/stm32f4xx_hal_msp.c.obj
 .ARM.attributes
                0x00000104       0x2e CMakeFiles/Demo.elf.dir/Core/Src/stm32f4xx_it.c.obj
 .ARM.attributes
                0x00000132       0x2e CMakeFiles/Demo.elf.dir/Core/Src/system_stm32f4xx.c.obj
 .ARM.attributes
                0x00000160       0x21 CMakeFiles/Demo.elf.dir/Core/Startup/startup_stm32f407vetx.s.obj
 .ARM.attributes
                0x00000181       0x2e CMakeFiles/Demo.elf.dir/Drivers/STM32F4xx_HAL_Driver/Src/stm32f4xx_hal.c.obj
 .ARM.attributes
                0x000001af       0x2e CMakeFiles/Demo.elf.dir/Drivers/STM32F4xx_HAL_Driver/Src/stm32f4xx_hal_can.c.obj
 .ARM.attributes
                0x000001dd       0x2e CMakeFiles/Demo.elf.dir/Drivers/STM32F4xx_HAL_Driver/Src/stm32f4xx_hal_cortex.c.obj
 .ARM.attributes
                0x0000020b       0x2e CMakeFiles/Demo.elf.dir/Drivers/STM32F4xx_HAL_Driver/Src/stm32f4xx_hal_gpio.c.obj
 .ARM.attributes
                0x00000239       0x2e CMakeFiles/Demo.elf.dir/Drivers/STM32F4xx_HAL_Driver/Src/stm32f4xx_hal_pcd.c.obj
 .ARM.attributes
                0x00000267       0x2e CMakeFiles/Demo.elf.dir/Drivers/STM32F4xx_HAL_Driver/Src/stm32f4xx_hal_pcd_ex.c.obj
 .ARM.attributes
                0x00000295       0x2e CMakeFiles/Demo.elf.dir/Drivers/STM32F4xx_HAL_Driver/Src/stm32f4xx_hal_rcc.c.obj
 .ARM.attributes
                0x000002c3       0x2e CMakeFiles/Demo.elf.dir/Drivers/STM32F4xx_HAL_Driver/Src/stm32f4xx_ll_usb.c.obj
 .ARM.attributes
                0x000002f1       0x2e CMakeFiles/Demo.elf.dir/Middlewares/ST/STM32_USB_Device_Library/Class/CDC/Src/usbd_cdc.c.obj
 .ARM.attributes
                0x0000031f       0x2e CMakeFiles/Demo.elf.dir/Middlewares/ST/STM32_USB_Device_Library/Core/Src/usbd_core.c.obj
 .ARM.attributes
                0x0000034d       0x2e CMakeFiles/Demo.elf.dir/Middlewares/ST/STM32_USB_Device_Library/Core/Src/usbd_ctlreq.c.obj
 .ARM.attributes
                0x0000037b       0x2e CMakeFiles/Demo.elf.dir/Middlewares/ST/STM32_USB_Device_Library/Core/Src/usbd_ioreq.c.obj
 .ARM.attributes
                0x000003a9       0x2e CMakeFiles/Demo.elf.dir/USB_DEVICE/App/usb_device.c.obj
 .ARM.attributes
                0x000003d7       0x2e CMakeFiles/Demo.elf.dir/USB_DEVICE/App/usbd_cdc_if.c.obj
 .ARM.attributes
                0x00000405       0x2e CMakeFiles/Demo.elf.dir/USB_DEVICE/App/usbd_desc.c.obj
 .ARM.attributes
                0x00000433       0x2e CMakeFiles/Demo.elf.dir/USB_DEVICE/Target/usbd_conf.c.obj
 .ARM.attributes
                0x00000461       0x1e e:/gcc-arm-none-eabi-10.3-2021.10-win32/gcc-arm-none-eabi-10.3-2021.10/bin/../lib/gcc/arm-none-eabi/10.3.1/thumb/v7e-m/nofp\libgcc.a(_arm_addsubsf3.o)
 .ARM.attributes
                0x0000047f       0x1e e:/gcc-arm-none-eabi-10.3-2021.10-win32/gcc-arm-none-eabi-10.3-2021.10/bin/../lib/gcc/arm-none-eabi/10.3.1/thumb/v7e-m/nofp\libgcc.a(_arm_muldivsf3.o)
 .ARM.attributes
                0x0000049d       0x1e e:/gcc-arm-none-eabi-10.3-2021.10-win32/gcc-arm-none-eabi-10.3-2021.10/bin/../lib/gcc/arm-none-eabi/10.3.1/thumb/v7e-m/nofp\libgcc.a(_arm_cmpsf2.o)
 .ARM.attributes
                0x000004bb       0x1e e:/gcc-arm-none-eabi-10.3-2021.10-win32/gcc-arm-none-eabi-10.3-2021.10/bin/../lib/gcc/arm-none-eabi/10.3.1/thumb/v7e-m/nofp\libgcc.a(_arm_fixsfsi.o)
 .ARM.attributes
                0x000004d9       0x1e e:/gcc-arm-none-eabi-10.3-2021.10-win32/gcc-arm-none-eabi-10.3-2021.10/bin/../lib/gcc/arm-none-eabi/10.3.1/thumb/v7e-m/nofp\libgcc.a(_arm_fixunssfsi.o)
 .ARM.attributes
                0x000004f7       0x1e e:/gcc-arm-none-eabi-10.3-2021.10-win32/gcc-arm-none-eabi-10.3-2021.10/bin/../lib/gcc/arm-none-eabi/10.3.1/thumb/v7e-m/nofp\libgcc.a(_aeabi_uldivmod.o)
 .ARM.attributes
                0x00000515       0x2e e:/gcc-arm-none-eabi-10.3-2021.10-win32/gcc-arm-none-eabi-10.3-2021.10/bin/../lib/gcc/arm-none-eabi/10.3.1/thumb/v7e-m/nofp\libgcc.a(_udivmoddi4.o)
 .ARM.attributes
                0x00000543       0x1e e:/gcc-arm-none-eabi-10.3-2021.10-win32/gcc-arm-none-eabi-10.3-2021.10/bin/../lib/gcc/arm-none-eabi/10.3.1/thumb/v7e-m/nofp\libgcc.a(_dvmd_tls.o)
 .ARM.attributes
                0x00000561       0x2e e:/gcc-arm-none-eabi-10.3-2021.10-win32/gcc-arm-none-eabi-10.3-2021.10/bin/../lib/gcc/arm-none-eabi/10.3.1/../../../../arm-none-eabi/lib/thumb/v7e-m/nofp\libg.a(lib_a-impure.o)
 .ARM.attributes
                0x0000058f       0x2e e:/gcc-arm-none-eabi-10.3-2021.10-win32/gcc-arm-none-eabi-10.3-2021.10/bin/../lib/gcc/arm-none-eabi/10.3.1/../../../../arm-none-eabi/lib/thumb/v7e-m/nofp\libg.a(lib_a-init.o)
 .ARM.attributes
                0x000005bd       0x2e e:/gcc-arm-none-eabi-10.3-2021.10-win32/gcc-arm-none-eabi-10.3-2021.10/bin/../lib/gcc/arm-none-eabi/10.3.1/../../../../arm-none-eabi/lib/thumb/v7e-m/nofp\libg.a(lib_a-memset.o)
 .ARM.attributes
                0x000005eb       0x2e e:/gcc-arm-none-eabi-10.3-2021.10-win32/gcc-arm-none-eabi-10.3-2021.10/bin/../lib/gcc/arm-none-eabi/10.3.1/../../../../arm-none-eabi/lib/thumb/v7e-m/nofp\libg.a(lib_a-__call_atexit.o)
 .ARM.attributes
                0x00000619       0x2e e:/gcc-arm-none-eabi-10.3-2021.10-win32/gcc-arm-none-eabi-10.3-2021.10/bin/../lib/gcc/arm-none-eabi/10.3.1/../../../../arm-none-eabi/lib/thumb/v7e-m/nofp\libg.a(lib_a-atexit.o)
 .ARM.attributes
                0x00000647       0x2e e:/gcc-arm-none-eabi-10.3-2021.10-win32/gcc-arm-none-eabi-10.3-2021.10/bin/../lib/gcc/arm-none-eabi/10.3.1/../../../../arm-none-eabi/lib/thumb/v7e-m/nofp\libg.a(lib_a-fini.o)
 .ARM.attributes
                0x00000675       0x2e e:/gcc-arm-none-eabi-10.3-2021.10-win32/gcc-arm-none-eabi-10.3-2021.10/bin/../lib/gcc/arm-none-eabi/10.3.1/../../../../arm-none-eabi/lib/thumb/v7e-m/nofp\libg.a(lib_a-lock.o)
 .ARM.attributes
                0x000006a3       0x2e e:/gcc-arm-none-eabi-10.3-2021.10-win32/gcc-arm-none-eabi-10.3-2021.10/bin/../lib/gcc/arm-none-eabi/10.3.1/../../../../arm-none-eabi/lib/thumb/v7e-m/nofp\libg.a(lib_a-__atexit.o)
 .ARM.attributes
                0x000006d1       0x1e e:/gcc-arm-none-eabi-10.3-2021.10-win32/gcc-arm-none-eabi-10.3-2021.10/bin/../lib/gcc/arm-none-eabi/10.3.1/thumb/v7e-m/nofp/crtn.o
OUTPUT(Demo.elf elf32-littlearm)
LOAD linker stubs
LOAD e:/gcc-arm-none-eabi-10.3-2021.10-win32/gcc-arm-none-eabi-10.3-2021.10/bin/../lib/gcc/arm-none-eabi/10.3.1/../../../../arm-none-eabi/lib/thumb/v7e-m/nofp\libc.a
LOAD e:/gcc-arm-none-eabi-10.3-2021.10-win32/gcc-arm-none-eabi-10.3-2021.10/bin/../lib/gcc/arm-none-eabi/10.3.1/../../../../arm-none-eabi/lib/thumb/v7e-m/nofp\libm.a
LOAD e:/gcc-arm-none-eabi-10.3-2021.10-win32/gcc-arm-none-eabi-10.3-2021.10/bin/../lib/gcc/arm-none-eabi/10.3.1/thumb/v7e-m/nofp\libgcc.a

.debug_info     0x00000000    0x130ce
 .debug_info    0x00000000      0xda1 CMakeFiles/Demo.elf.dir/Core/Src/can.c.obj
 .debug_info    0x00000da1      0x2c1 CMakeFiles/Demo.elf.dir/Core/Src/gpio.c.obj
 .debug_info    0x00001062      0xff5 CMakeFiles/Demo.elf.dir/Core/Src/main.c.obj
 .debug_info    0x00002057      0x2a4 CMakeFiles/Demo.elf.dir/Core/Src/stm32f4xx_hal_msp.c.obj
 .debug_info    0x000022fb      0xa79 CMakeFiles/Demo.elf.dir/Core/Src/stm32f4xx_it.c.obj
 .debug_info    0x00002d74      0x37d CMakeFiles/Demo.elf.dir/Core/Src/system_stm32f4xx.c.obj
 .debug_info    0x000030f1       0x22 CMakeFiles/Demo.elf.dir/Core/Startup/startup_stm32f407vetx.s.obj
 .debug_info    0x00003113      0x9f0 CMakeFiles/Demo.elf.dir/Drivers/STM32F4xx_HAL_Driver/Src/stm32f4xx_hal.c.obj
 .debug_info    0x00003b03     0x12b8 CMakeFiles/Demo.elf.dir/Drivers/STM32F4xx_HAL_Driver/Src/stm32f4xx_hal_can.c.obj
 .debug_info    0x00004dbb     0x10de CMakeFiles/Demo.elf.dir/Drivers/STM32F4xx_HAL_Driver/Src/stm32f4xx_hal_cortex.c.obj
 .debug_info    0x00005e99      0x7b0 CMakeFiles/Demo.elf.dir/Drivers/STM32F4xx_HAL_Driver/Src/stm32f4xx_hal_gpio.c.obj
 .debug_info    0x00006649     0x1b5c CMakeFiles/Demo.elf.dir/Drivers/STM32F4xx_HAL_Driver/Src/stm32f4xx_hal_pcd.c.obj
 .debug_info    0x000081a5      0x73e CMakeFiles/Demo.elf.dir/Drivers/STM32F4xx_HAL_Driver/Src/stm32f4xx_hal_pcd_ex.c.obj
 .debug_info    0x000088e3      0xb03 CMakeFiles/Demo.elf.dir/Drivers/STM32F4xx_HAL_Driver/Src/stm32f4xx_hal_rcc.c.obj
 .debug_info    0x000093e6     0x203f CMakeFiles/Demo.elf.dir/Drivers/STM32F4xx_HAL_Driver/Src/stm32f4xx_ll_usb.c.obj
 .debug_info    0x0000b425     0x16f2 CMakeFiles/Demo.elf.dir/Middlewares/ST/STM32_USB_Device_Library/Class/CDC/Src/usbd_cdc.c.obj
 .debug_info    0x0000cb17     0x1223 CMakeFiles/Demo.elf.dir/Middlewares/ST/STM32_USB_Device_Library/Core/Src/usbd_core.c.obj
 .debug_info    0x0000dd3a     0x13f9 CMakeFiles/Demo.elf.dir/Middlewares/ST/STM32_USB_Device_Library/Core/Src/usbd_ctlreq.c.obj
 .debug_info    0x0000f133      0x8ca CMakeFiles/Demo.elf.dir/Middlewares/ST/STM32_USB_Device_Library/Core/Src/usbd_ioreq.c.obj
 .debug_info    0x0000f9fd      0x79f CMakeFiles/Demo.elf.dir/USB_DEVICE/App/usb_device.c.obj
 .debug_info    0x0001019c      0x9e5 CMakeFiles/Demo.elf.dir/USB_DEVICE/App/usbd_cdc_if.c.obj
 .debug_info    0x00010b81      0x5ff CMakeFiles/Demo.elf.dir/USB_DEVICE/App/usbd_desc.c.obj
 .debug_info    0x00011180     0x1f4e CMakeFiles/Demo.elf.dir/USB_DEVICE/Target/usbd_conf.c.obj

.debug_abbrev   0x00000000     0x3056
 .debug_abbrev  0x00000000      0x213 CMakeFiles/Demo.elf.dir/Core/Src/can.c.obj
 .debug_abbrev  0x00000213       0xd1 CMakeFiles/Demo.elf.dir/Core/Src/gpio.c.obj
 .debug_abbrev  0x000002e4      0x2da CMakeFiles/Demo.elf.dir/Core/Src/main.c.obj
 .debug_abbrev  0x000005be       0xd1 CMakeFiles/Demo.elf.dir/Core/Src/stm32f4xx_hal_msp.c.obj
 .debug_abbrev  0x0000068f      0x1ab CMakeFiles/Demo.elf.dir/Core/Src/stm32f4xx_it.c.obj
 .debug_abbrev  0x0000083a      0x119 CMakeFiles/Demo.elf.dir/Core/Src/system_stm32f4xx.c.obj
 .debug_abbrev  0x00000953       0x12 CMakeFiles/Demo.elf.dir/Core/Startup/startup_stm32f407vetx.s.obj
 .debug_abbrev  0x00000965      0x206 CMakeFiles/Demo.elf.dir/Drivers/STM32F4xx_HAL_Driver/Src/stm32f4xx_hal.c.obj
 .debug_abbrev  0x00000b6b      0x262 CMakeFiles/Demo.elf.dir/Drivers/STM32F4xx_HAL_Driver/Src/stm32f4xx_hal_can.c.obj
 .debug_abbrev  0x00000dcd      0x361 CMakeFiles/Demo.elf.dir/Drivers/STM32F4xx_HAL_Driver/Src/stm32f4xx_hal_cortex.c.obj
 .debug_abbrev  0x0000112e      0x1ef CMakeFiles/Demo.elf.dir/Drivers/STM32F4xx_HAL_Driver/Src/stm32f4xx_hal_gpio.c.obj
 .debug_abbrev  0x0000131d      0x2bc CMakeFiles/Demo.elf.dir/Drivers/STM32F4xx_HAL_Driver/Src/stm32f4xx_hal_pcd.c.obj
 .debug_abbrev  0x000015d9      0x1e5 CMakeFiles/Demo.elf.dir/Drivers/STM32F4xx_HAL_Driver/Src/stm32f4xx_hal_pcd_ex.c.obj
 .debug_abbrev  0x000017be      0x28a CMakeFiles/Demo.elf.dir/Drivers/STM32F4xx_HAL_Driver/Src/stm32f4xx_hal_rcc.c.obj
 .debug_abbrev  0x00001a48      0x2d2 CMakeFiles/Demo.elf.dir/Drivers/STM32F4xx_HAL_Driver/Src/stm32f4xx_ll_usb.c.obj
 .debug_abbrev  0x00001d1a      0x317 CMakeFiles/Demo.elf.dir/Middlewares/ST/STM32_USB_Device_Library/Class/CDC/Src/usbd_cdc.c.obj
 .debug_abbrev  0x00002031      0x2a8 CMakeFiles/Demo.elf.dir/Middlewares/ST/STM32_USB_Device_Library/Core/Src/usbd_core.c.obj
 .debug_abbrev  0x000022d9      0x32e CMakeFiles/Demo.elf.dir/Middlewares/ST/STM32_USB_Device_Library/Core/Src/usbd_ctlreq.c.obj
 .debug_abbrev  0x00002607      0x184 CMakeFiles/Demo.elf.dir/Middlewares/ST/STM32_USB_Device_Library/Core/Src/usbd_ioreq.c.obj
 .debug_abbrev  0x0000278b      0x196 CMakeFiles/Demo.elf.dir/USB_DEVICE/App/usb_device.c.obj
 .debug_abbrev  0x00002921      0x299 CMakeFiles/Demo.elf.dir/USB_DEVICE/App/usbd_cdc_if.c.obj
 .debug_abbrev  0x00002bba      0x1ca CMakeFiles/Demo.elf.dir/USB_DEVICE/App/usbd_desc.c.obj
 .debug_abbrev  0x00002d84      0x2d2 CMakeFiles/Demo.elf.dir/USB_DEVICE/Target/usbd_conf.c.obj

.debug_loc      0x00000000     0xa487
 .debug_loc     0x00000000       0xe9 CMakeFiles/Demo.elf.dir/Core/Src/can.c.obj
 .debug_loc     0x000000e9      0x491 CMakeFiles/Demo.elf.dir/Core/Src/main.c.obj
 .debug_loc     0x0000057a      0x158 CMakeFiles/Demo.elf.dir/Core/Src/system_stm32f4xx.c.obj
 .debug_loc     0x000006d2      0x141 CMakeFiles/Demo.elf.dir/Drivers/STM32F4xx_HAL_Driver/Src/stm32f4xx_hal.c.obj
 .debug_loc     0x00000813      0xde9 CMakeFiles/Demo.elf.dir/Drivers/STM32F4xx_HAL_Driver/Src/stm32f4xx_hal_can.c.obj
 .debug_loc     0x000015fc      0x744 CMakeFiles/Demo.elf.dir/Drivers/STM32F4xx_HAL_Driver/Src/stm32f4xx_hal_cortex.c.obj
 .debug_loc     0x00001d40      0x520 CMakeFiles/Demo.elf.dir/Drivers/STM32F4xx_HAL_Driver/Src/stm32f4xx_hal_gpio.c.obj
 .debug_loc     0x00002260     0x1306 CMakeFiles/Demo.elf.dir/Drivers/STM32F4xx_HAL_Driver/Src/stm32f4xx_hal_pcd.c.obj
 .debug_loc     0x00003566       0xde CMakeFiles/Demo.elf.dir/Drivers/STM32F4xx_HAL_Driver/Src/stm32f4xx_hal_pcd_ex.c.obj
 .debug_loc     0x00003644      0x58c CMakeFiles/Demo.elf.dir/Drivers/STM32F4xx_HAL_Driver/Src/stm32f4xx_hal_rcc.c.obj
 .debug_loc     0x00003bd0     0x24bc CMakeFiles/Demo.elf.dir/Drivers/STM32F4xx_HAL_Driver/Src/stm32f4xx_ll_usb.c.obj
 .debug_loc     0x0000608c      0xa5b CMakeFiles/Demo.elf.dir/Middlewares/ST/STM32_USB_Device_Library/Class/CDC/Src/usbd_cdc.c.obj
 .debug_loc     0x00006ae7      0xdd6 CMakeFiles/Demo.elf.dir/Middlewares/ST/STM32_USB_Device_Library/Core/Src/usbd_core.c.obj
 .debug_loc     0x000078bd     0x1877 CMakeFiles/Demo.elf.dir/Middlewares/ST/STM32_USB_Device_Library/Core/Src/usbd_ctlreq.c.obj
 .debug_loc     0x00009134      0x2b8 CMakeFiles/Demo.elf.dir/Middlewares/ST/STM32_USB_Device_Library/Core/Src/usbd_ioreq.c.obj
 .debug_loc     0x000093ec      0x15c CMakeFiles/Demo.elf.dir/USB_DEVICE/App/usbd_cdc_if.c.obj
 .debug_loc     0x00009548      0x38f CMakeFiles/Demo.elf.dir/USB_DEVICE/App/usbd_desc.c.obj
 .debug_loc     0x000098d7      0xbb0 CMakeFiles/Demo.elf.dir/USB_DEVICE/Target/usbd_conf.c.obj

.debug_aranges  0x00000000      0xc80
 .debug_aranges
                0x00000000       0x40 CMakeFiles/Demo.elf.dir/Core/Src/can.c.obj
 .debug_aranges
                0x00000040       0x20 CMakeFiles/Demo.elf.dir/Core/Src/gpio.c.obj
 .debug_aranges
                0x00000060       0x40 CMakeFiles/Demo.elf.dir/Core/Src/main.c.obj
 .debug_aranges
                0x000000a0       0x20 CMakeFiles/Demo.elf.dir/Core/Src/stm32f4xx_hal_msp.c.obj
 .debug_aranges
                0x000000c0       0x70 CMakeFiles/Demo.elf.dir/Core/Src/stm32f4xx_it.c.obj
 .debug_aranges
                0x00000130       0x28 CMakeFiles/Demo.elf.dir/Core/Src/system_stm32f4xx.c.obj
 .debug_aranges
                0x00000158       0x28 CMakeFiles/Demo.elf.dir/Core/Startup/startup_stm32f407vetx.s.obj
 .debug_aranges
                0x00000180       0xf0 CMakeFiles/Demo.elf.dir/Drivers/STM32F4xx_HAL_Driver/Src/stm32f4xx_hal.c.obj
 .debug_aranges
                0x00000270      0x138 CMakeFiles/Demo.elf.dir/Drivers/STM32F4xx_HAL_Driver/Src/stm32f4xx_hal_can.c.obj
 .debug_aranges
                0x000003a8       0xc0 CMakeFiles/Demo.elf.dir/Drivers/STM32F4xx_HAL_Driver/Src/stm32f4xx_hal_cortex.c.obj
 .debug_aranges
                0x00000468       0x58 CMakeFiles/Demo.elf.dir/Drivers/STM32F4xx_HAL_Driver/Src/stm32f4xx_hal_gpio.c.obj
 .debug_aranges
                0x000004c0      0x148 CMakeFiles/Demo.elf.dir/Drivers/STM32F4xx_HAL_Driver/Src/stm32f4xx_hal_pcd.c.obj
 .debug_aranges
                0x00000608       0x38 CMakeFiles/Demo.elf.dir/Drivers/STM32F4xx_HAL_Driver/Src/stm32f4xx_hal_pcd_ex.c.obj
 .debug_aranges
                0x00000640       0x88 CMakeFiles/Demo.elf.dir/Drivers/STM32F4xx_HAL_Driver/Src/stm32f4xx_hal_rcc.c.obj
 .debug_aranges
                0x000006c8      0x1a0 CMakeFiles/Demo.elf.dir/Drivers/STM32F4xx_HAL_Driver/Src/stm32f4xx_ll_usb.c.obj
 .debug_aranges
                0x00000868       0x90 CMakeFiles/Demo.elf.dir/Middlewares/ST/STM32_USB_Device_Library/Class/CDC/Src/usbd_cdc.c.obj
 .debug_aranges
                0x000008f8       0xd8 CMakeFiles/Demo.elf.dir/Middlewares/ST/STM32_USB_Device_Library/Core/Src/usbd_core.c.obj
 .debug_aranges
                0x000009d0       0x88 CMakeFiles/Demo.elf.dir/Middlewares/ST/STM32_USB_Device_Library/Core/Src/usbd_ctlreq.c.obj
 .debug_aranges
                0x00000a58       0x50 CMakeFiles/Demo.elf.dir/Middlewares/ST/STM32_USB_Device_Library/Core/Src/usbd_ioreq.c.obj
 .debug_aranges
                0x00000aa8       0x20 CMakeFiles/Demo.elf.dir/USB_DEVICE/App/usb_device.c.obj
 .debug_aranges
                0x00000ac8       0x48 CMakeFiles/Demo.elf.dir/USB_DEVICE/App/usbd_cdc_if.c.obj
 .debug_aranges
                0x00000b10       0x60 CMakeFiles/Demo.elf.dir/USB_DEVICE/App/usbd_desc.c.obj
 .debug_aranges
                0x00000b70      0x110 CMakeFiles/Demo.elf.dir/USB_DEVICE/Target/usbd_conf.c.obj

.debug_ranges   0x00000000      0xbc0
 .debug_ranges  0x00000000       0x30 CMakeFiles/Demo.elf.dir/Core/Src/can.c.obj
 .debug_ranges  0x00000030       0x10 CMakeFiles/Demo.elf.dir/Core/Src/gpio.c.obj
 .debug_ranges  0x00000040       0x48 CMakeFiles/Demo.elf.dir/Core/Src/main.c.obj
 .debug_ranges  0x00000088       0x10 CMakeFiles/Demo.elf.dir/Core/Src/stm32f4xx_hal_msp.c.obj
 .debug_ranges  0x00000098       0x60 CMakeFiles/Demo.elf.dir/Core/Src/stm32f4xx_it.c.obj
 .debug_ranges  0x000000f8       0x18 CMakeFiles/Demo.elf.dir/Core/Src/system_stm32f4xx.c.obj
 .debug_ranges  0x00000110       0x20 CMakeFiles/Demo.elf.dir/Core/Startup/startup_stm32f407vetx.s.obj
 .debug_ranges  0x00000130       0xe0 CMakeFiles/Demo.elf.dir/Drivers/STM32F4xx_HAL_Driver/Src/stm32f4xx_hal.c.obj
 .debug_ranges  0x00000210      0x140 CMakeFiles/Demo.elf.dir/Drivers/STM32F4xx_HAL_Driver/Src/stm32f4xx_hal_can.c.obj
 .debug_ranges  0x00000350      0x110 CMakeFiles/Demo.elf.dir/Drivers/STM32F4xx_HAL_Driver/Src/stm32f4xx_hal_cortex.c.obj
 .debug_ranges  0x00000460       0x48 CMakeFiles/Demo.elf.dir/Drivers/STM32F4xx_HAL_Driver/Src/stm32f4xx_hal_gpio.c.obj
 .debug_ranges  0x000004a8      0x138 CMakeFiles/Demo.elf.dir/Drivers/STM32F4xx_HAL_Driver/Src/stm32f4xx_hal_pcd.c.obj
 .debug_ranges  0x000005e0       0x28 CMakeFiles/Demo.elf.dir/Drivers/STM32F4xx_HAL_Driver/Src/stm32f4xx_hal_pcd_ex.c.obj
 .debug_ranges  0x00000608       0x90 CMakeFiles/Demo.elf.dir/Drivers/STM32F4xx_HAL_Driver/Src/stm32f4xx_hal_rcc.c.obj
 .debug_ranges  0x00000698      0x190 CMakeFiles/Demo.elf.dir/Drivers/STM32F4xx_HAL_Driver/Src/stm32f4xx_ll_usb.c.obj
 .debug_ranges  0x00000828       0x80 CMakeFiles/Demo.elf.dir/Middlewares/ST/STM32_USB_Device_Library/Class/CDC/Src/usbd_cdc.c.obj
 .debug_ranges  0x000008a8       0xc8 CMakeFiles/Demo.elf.dir/Middlewares/ST/STM32_USB_Device_Library/Core/Src/usbd_core.c.obj
 .debug_ranges  0x00000970       0x78 CMakeFiles/Demo.elf.dir/Middlewares/ST/STM32_USB_Device_Library/Core/Src/usbd_ctlreq.c.obj
 .debug_ranges  0x000009e8       0x40 CMakeFiles/Demo.elf.dir/Middlewares/ST/STM32_USB_Device_Library/Core/Src/usbd_ioreq.c.obj
 .debug_ranges  0x00000a28       0x10 CMakeFiles/Demo.elf.dir/USB_DEVICE/App/usb_device.c.obj
 .debug_ranges  0x00000a38       0x38 CMakeFiles/Demo.elf.dir/USB_DEVICE/App/usbd_cdc_if.c.obj
 .debug_ranges  0x00000a70       0x50 CMakeFiles/Demo.elf.dir/USB_DEVICE/App/usbd_desc.c.obj
 .debug_ranges  0x00000ac0      0x100 CMakeFiles/Demo.elf.dir/USB_DEVICE/Target/usbd_conf.c.obj

.debug_line     0x00000000     0xb965
 .debug_line    0x00000000      0x44e CMakeFiles/Demo.elf.dir/Core/Src/can.c.obj
 .debug_line    0x0000044e      0x1b1 CMakeFiles/Demo.elf.dir/Core/Src/gpio.c.obj
 .debug_line    0x000005ff      0x756 CMakeFiles/Demo.elf.dir/Core/Src/main.c.obj
 .debug_line    0x00000d55      0x1b9 CMakeFiles/Demo.elf.dir/Core/Src/stm32f4xx_hal_msp.c.obj
 .debug_line    0x00000f0e      0x388 CMakeFiles/Demo.elf.dir/Core/Src/stm32f4xx_it.c.obj
 .debug_line    0x00001296      0x281 CMakeFiles/Demo.elf.dir/Core/Src/system_stm32f4xx.c.obj
 .debug_line    0x00001517       0xa0 CMakeFiles/Demo.elf.dir/Core/Startup/startup_stm32f407vetx.s.obj
 .debug_line    0x000015b7      0x5f9 CMakeFiles/Demo.elf.dir/Drivers/STM32F4xx_HAL_Driver/Src/stm32f4xx_hal.c.obj
 .debug_line    0x00001bb0     0x1192 CMakeFiles/Demo.elf.dir/Drivers/STM32F4xx_HAL_Driver/Src/stm32f4xx_hal_can.c.obj
 .debug_line    0x00002d42      0x840 CMakeFiles/Demo.elf.dir/Drivers/STM32F4xx_HAL_Driver/Src/stm32f4xx_hal_cortex.c.obj
 .debug_line    0x00003582      0x75a CMakeFiles/Demo.elf.dir/Drivers/STM32F4xx_HAL_Driver/Src/stm32f4xx_hal_gpio.c.obj
 .debug_line    0x00003cdc     0x15b5 CMakeFiles/Demo.elf.dir/Drivers/STM32F4xx_HAL_Driver/Src/stm32f4xx_hal_pcd.c.obj
 .debug_line    0x00005291      0x32e CMakeFiles/Demo.elf.dir/Drivers/STM32F4xx_HAL_Driver/Src/stm32f4xx_hal_pcd_ex.c.obj
 .debug_line    0x000055bf      0xbc2 CMakeFiles/Demo.elf.dir/Drivers/STM32F4xx_HAL_Driver/Src/stm32f4xx_hal_rcc.c.obj
 .debug_line    0x00006181     0x2005 CMakeFiles/Demo.elf.dir/Drivers/STM32F4xx_HAL_Driver/Src/stm32f4xx_ll_usb.c.obj
 .debug_line    0x00008186      0xac2 CMakeFiles/Demo.elf.dir/Middlewares/ST/STM32_USB_Device_Library/Class/CDC/Src/usbd_cdc.c.obj
 .debug_line    0x00008c48      0xa31 CMakeFiles/Demo.elf.dir/Middlewares/ST/STM32_USB_Device_Library/Core/Src/usbd_core.c.obj
 .debug_line    0x00009679      0xdde CMakeFiles/Demo.elf.dir/Middlewares/ST/STM32_USB_Device_Library/Core/Src/usbd_ctlreq.c.obj
 .debug_line    0x0000a457      0x308 CMakeFiles/Demo.elf.dir/Middlewares/ST/STM32_USB_Device_Library/Core/Src/usbd_ioreq.c.obj
 .debug_line    0x0000a75f      0x2a1 CMakeFiles/Demo.elf.dir/USB_DEVICE/App/usb_device.c.obj
 .debug_line    0x0000aa00      0x2dd CMakeFiles/Demo.elf.dir/USB_DEVICE/App/usbd_cdc_if.c.obj
 .debug_line    0x0000acdd      0x3bd CMakeFiles/Demo.elf.dir/USB_DEVICE/App/usbd_desc.c.obj
 .debug_line    0x0000b09a      0x8cb CMakeFiles/Demo.elf.dir/USB_DEVICE/Target/usbd_conf.c.obj

.debug_str      0x00000000     0x42ff
 .debug_str     0x00000000      0xc52 CMakeFiles/Demo.elf.dir/Core/Src/can.c.obj
                                0xcd0 (size before relaxing)
 .debug_str     0x00000c52       0x38 CMakeFiles/Demo.elf.dir/Core/Src/gpio.c.obj
                                0x2d1 (size before relaxing)
 .debug_str     0x00000c8a      0x37a CMakeFiles/Demo.elf.dir/Core/Src/main.c.obj
                                0x91a (size before relaxing)
 .debug_str     0x00001004       0x44 CMakeFiles/Demo.elf.dir/Core/Src/stm32f4xx_hal_msp.c.obj
                                0x2dd (size before relaxing)
 .debug_str     0x00001048      0x4ba CMakeFiles/Demo.elf.dir/Core/Src/stm32f4xx_it.c.obj
                                0x919 (size before relaxing)
 .debug_str     0x00001502       0x9f CMakeFiles/Demo.elf.dir/Core/Src/system_stm32f4xx.c.obj
                                0x343 (size before relaxing)
 .debug_str     0x000015a1       0x4e CMakeFiles/Demo.elf.dir/Core/Startup/startup_stm32f407vetx.s.obj
                                 0x7b (size before relaxing)
 .debug_str     0x000015ef      0x360 CMakeFiles/Demo.elf.dir/Drivers/STM32F4xx_HAL_Driver/Src/stm32f4xx_hal.c.obj
                                0xb7c (size before relaxing)
 .debug_str     0x0000194f      0x3bb CMakeFiles/Demo.elf.dir/Drivers/STM32F4xx_HAL_Driver/Src/stm32f4xx_hal_can.c.obj
                                0xa57 (size before relaxing)
 .debug_str     0x00001d0a      0x4ed CMakeFiles/Demo.elf.dir/Drivers/STM32F4xx_HAL_Driver/Src/stm32f4xx_hal_cortex.c.obj
                                0xc97 (size before relaxing)
 .debug_str     0x000021f7      0x16e CMakeFiles/Demo.elf.dir/Drivers/STM32F4xx_HAL_Driver/Src/stm32f4xx_hal_gpio.c.obj
                                0x502 (size before relaxing)
 .debug_str     0x00002365      0x800 CMakeFiles/Demo.elf.dir/Drivers/STM32F4xx_HAL_Driver/Src/stm32f4xx_hal_pcd.c.obj
                                0xdf0 (size before relaxing)
 .debug_str     0x00002b65      0x168 CMakeFiles/Demo.elf.dir/Drivers/STM32F4xx_HAL_Driver/Src/stm32f4xx_hal_pcd_ex.c.obj
                                0x765 (size before relaxing)
 .debug_str     0x00002ccd      0x1a8 CMakeFiles/Demo.elf.dir/Drivers/STM32F4xx_HAL_Driver/Src/stm32f4xx_hal_rcc.c.obj
                                0x728 (size before relaxing)
 .debug_str     0x00002e75      0x4f5 CMakeFiles/Demo.elf.dir/Drivers/STM32F4xx_HAL_Driver/Src/stm32f4xx_ll_usb.c.obj
                                0xd50 (size before relaxing)
 .debug_str     0x0000336a      0x743 CMakeFiles/Demo.elf.dir/Middlewares/ST/STM32_USB_Device_Library/Class/CDC/Src/usbd_cdc.c.obj
                                0xdb2 (size before relaxing)
 .debug_str     0x00003aad      0x380 CMakeFiles/Demo.elf.dir/Middlewares/ST/STM32_USB_Device_Library/Core/Src/usbd_core.c.obj
                                0x9f9 (size before relaxing)
 .debug_str     0x00003e2d      0x151 CMakeFiles/Demo.elf.dir/Middlewares/ST/STM32_USB_Device_Library/Core/Src/usbd_ctlreq.c.obj
                                0x824 (size before relaxing)
 .debug_str     0x00003f7e       0x69 CMakeFiles/Demo.elf.dir/Middlewares/ST/STM32_USB_Device_Library/Core/Src/usbd_ioreq.c.obj
                                0x6f9 (size before relaxing)
 .debug_str     0x00003fe7       0x63 CMakeFiles/Demo.elf.dir/USB_DEVICE/App/usb_device.c.obj
                                0x6d4 (size before relaxing)
 .debug_str     0x0000404a       0xa2 CMakeFiles/Demo.elf.dir/USB_DEVICE/App/usbd_cdc_if.c.obj
                                0x7b5 (size before relaxing)
 .debug_str     0x000040ec      0x188 CMakeFiles/Demo.elf.dir/USB_DEVICE/App/usbd_desc.c.obj
                                0x480 (size before relaxing)
 .debug_str     0x00004274       0x8b CMakeFiles/Demo.elf.dir/USB_DEVICE/Target/usbd_conf.c.obj
                               0x15ec (size before relaxing)

.comment        0x00000000       0x49
 .comment       0x00000000       0x49 CMakeFiles/Demo.elf.dir/Core/Src/can.c.obj
                                 0x4a (size before relaxing)